Archive member included to satisfy reference by file (symbol)

C:/ST/STM32CubeIDE_2.0.0/STM32CubeIDE/plugins/com.st.stm32cube.ide.mcu.externaltools.gnu-tools-for-stm32.13.3.rel1.win32_1.0.100.202509120712/tools/bin/../lib/gcc/arm-none-eabi/13.3.1/../../../../arm-none-eabi/lib/thumb/v6-m/nofp\libc_nano.a(libc_a-exit.o)
                              C:/ST/STM32CubeIDE_2.0.0/STM32CubeIDE/plugins/com.st.stm32cube.ide.mcu.externaltools.gnu-tools-for-stm32.13.3.rel1.win32_1.0.100.202509120712/tools/bin/../lib/gcc/arm-none-eabi/13.3.1/../../../../arm-none-eabi/lib/thumb/v6-m/nofp/crt0.o (exit)
C:/ST/STM32CubeIDE_2.0.0/STM32CubeIDE/plugins/com.st.stm32cube.ide.mcu.externaltools.gnu-tools-for-stm32.13.3.rel1.win32_1.0.100.202509120712/tools/bin/../lib/gcc/arm-none-eabi/13.3.1/../../../../arm-none-eabi/lib/thumb/v6-m/nofp\libc_nano.a(libc_a-findfp.o)
                              C:/ST/STM32CubeIDE_2.0.0/STM32CubeIDE/plugins/com.st.stm32cube.ide.mcu.externaltools.gnu-tools-for-stm32.13.3.rel1.win32_1.0.100.202509120712/tools/bin/../lib/gcc/arm-none-eabi/13.3.1/../../../../arm-none-eabi/lib/thumb/v6-m/nofp\libc_nano.a(libc_a-exit.o) (__stdio_exit_handler)
C:/ST/STM32CubeIDE_2.0.0/STM32CubeIDE/plugins/com.st.stm32cube.ide.mcu.externaltools.gnu-tools-for-stm32.13.3.rel1.win32_1.0.100.202509120712/tools/bin/../lib/gcc/arm-none-eabi/13.3.1/../../../../arm-none-eabi/lib/thumb/v6-m/nofp\libc_nano.a(libc_a-fwalk.o)
                              C:/ST/STM32CubeIDE_2.0.0/STM32CubeIDE/plugins/com.st.stm32cube.ide.mcu.externaltools.gnu-tools-for-stm32.13.3.rel1.win32_1.0.100.202509120712/tools/bin/../lib/gcc/arm-none-eabi/13.3.1/../../../../arm-none-eabi/lib/thumb/v6-m/nofp\libc_nano.a(libc_a-findfp.o) (_fwalk_sglue)
C:/ST/STM32CubeIDE_2.0.0/STM32CubeIDE/plugins/com.st.stm32cube.ide.mcu.externaltools.gnu-tools-for-stm32.13.3.rel1.win32_1.0.100.202509120712/tools/bin/../lib/gcc/arm-none-eabi/13.3.1/../../../../arm-none-eabi/lib/thumb/v6-m/nofp\libc_nano.a(libc_a-snprintf.o)
                              ./Core/Src/main.o (snprintf)
C:/ST/STM32CubeIDE_2.0.0/STM32CubeIDE/plugins/com.st.stm32cube.ide.mcu.externaltools.gnu-tools-for-stm32.13.3.rel1.win32_1.0.100.202509120712/tools/bin/../lib/gcc/arm-none-eabi/13.3.1/../../../../arm-none-eabi/lib/thumb/v6-m/nofp\libc_nano.a(libc_a-stdio.o)
                              C:/ST/STM32CubeIDE_2.0.0/STM32CubeIDE/plugins/com.st.stm32cube.ide.mcu.externaltools.gnu-tools-for-stm32.13.3.rel1.win32_1.0.100.202509120712/tools/bin/../lib/gcc/arm-none-eabi/13.3.1/../../../../arm-none-eabi/lib/thumb/v6-m/nofp\libc_nano.a(libc_a-findfp.o) (__sread)
C:/ST/STM32CubeIDE_2.0.0/STM32CubeIDE/plugins/com.st.stm32cube.ide.mcu.externaltools.gnu-tools-for-stm32.13.3.rel1.win32_1.0.100.202509120712/tools/bin/../lib/gcc/arm-none-eabi/13.3.1/../../../../arm-none-eabi/lib/thumb/v6-m/nofp\libc_nano.a(libc_a-memset.o)
                              C:/ST/STM32CubeIDE_2.0.0/STM32CubeIDE/plugins/com.st.stm32cube.ide.mcu.externaltools.gnu-tools-for-stm32.13.3.rel1.win32_1.0.100.202509120712/tools/bin/../lib/gcc/arm-none-eabi/13.3.1/../../../../arm-none-eabi/lib/thumb/v6-m/nofp/crt0.o (memset)
C:/ST/STM32CubeIDE_2.0.0/STM32CubeIDE/plugins/com.st.stm32cube.ide.mcu.externaltools.gnu-tools-for-stm32.13.3.rel1.win32_1.0.100.202509120712/tools/bin/../lib/gcc/arm-none-eabi/13.3.1/../../../../arm-none-eabi/lib/thumb/v6-m/nofp\libc_nano.a(libc_a-closer.o)
                              C:/ST/STM32CubeIDE_2.0.0/STM32CubeIDE/plugins/com.st.stm32cube.ide.mcu.externaltools.gnu-tools-for-stm32.13.3.rel1.win32_1.0.100.202509120712/tools/bin/../lib/gcc/arm-none-eabi/13.3.1/../../../../arm-none-eabi/lib/thumb/v6-m/nofp\libc_nano.a(libc_a-stdio.o) (_close_r)
C:/ST/STM32CubeIDE_2.0.0/STM32CubeIDE/plugins/com.st.stm32cube.ide.mcu.externaltools.gnu-tools-for-stm32.13.3.rel1.win32_1.0.100.202509120712/tools/bin/../lib/gcc/arm-none-eabi/13.3.1/../../../../arm-none-eabi/lib/thumb/v6-m/nofp\libc_nano.a(libc_a-reent.o)
                              C:/ST/STM32CubeIDE_2.0.0/STM32CubeIDE/plugins/com.st.stm32cube.ide.mcu.externaltools.gnu-tools-for-stm32.13.3.rel1.win32_1.0.100.202509120712/tools/bin/../lib/gcc/arm-none-eabi/13.3.1/../../../../arm-none-eabi/lib/thumb/v6-m/nofp\libc_nano.a(libc_a-closer.o) (errno)
C:/ST/STM32CubeIDE_2.0.0/STM32CubeIDE/plugins/com.st.stm32cube.ide.mcu.externaltools.gnu-tools-for-stm32.13.3.rel1.win32_1.0.100.202509120712/tools/bin/../lib/gcc/arm-none-eabi/13.3.1/../../../../arm-none-eabi/lib/thumb/v6-m/nofp\libc_nano.a(libc_a-impure.o)
                              C:/ST/STM32CubeIDE_2.0.0/STM32CubeIDE/plugins/com.st.stm32cube.ide.mcu.externaltools.gnu-tools-for-stm32.13.3.rel1.win32_1.0.100.202509120712/tools/bin/../lib/gcc/arm-none-eabi/13.3.1/../../../../arm-none-eabi/lib/thumb/v6-m/nofp\libc_nano.a(libc_a-snprintf.o) (_impure_ptr)
[...]
Memory Configuration

Name             Origin             Length             Attributes
RAM              0x20000000         0x00006000         xrw
FLASH            0x08000000         0x00020000         xr
*default*        0x00000000         0xffffffff

Linker script and memory map

LOAD C:/ST/STM32CubeIDE_2.0.0/STM32CubeIDE/plugins/com.st.stm32cube.ide.mcu.externaltools.gnu-tools-for-stm32.13.3.rel1.win32_1.0.100.202509120712/tools/bin/../lib/gcc/arm-none-eabi/13.3.1/thumb/v6-m/nofp/crti.o
LOAD C:/ST/STM32CubeIDE_2.0.0/STM32CubeIDE/plugins/com.st.stm32cube.ide.mcu.externaltools.gnu-tools-for-stm32.13.3.rel1.win32_1.0.100.202509120712/tools/bin/../lib/gcc/arm-none-eabi/13.3.1/thumb/v6-m/nofp/crtbegin.o
LOAD C:/ST/STM32CubeIDE_2.0.0/STM32CubeIDE/plugins/com.st.stm32cube.ide.mcu.externaltools.gnu-tools-for-stm32.13.3.rel1.win32_1.0.100.202509120712/tools/bin/../lib/gcc/arm-none-eabi/13.3.1/../../../../arm-none-eabi/lib/thumb/v6-m/nofp/crt0.o
LOAD ./Core/Src/main.o
LOAD ./Core/Src/stm32c0xx_hal_msp.o
LOAD ./Core/Src/stm32c0xx_it.o
LOAD ./Core/Src/syscalls.o
LOAD ./Core/Src/sysmem.o
LOAD ./Core/Src/system_stm32c0xx.o
LOAD ./Core/Startup/startup_stm32c071rbtx.o
LOAD ./Drivers/STM32C0xx_HAL_Driver/Src/stm32c0xx_hal.o
LOAD ./Drivers/STM32C0xx_HAL_Driver/Src/stm32c0xx_hal_adc.o
LOAD ./Drivers/STM32C0xx_HAL_Driver/Src/stm32c0xx_hal_adc_ex.o
LOAD ./Drivers/STM32C0xx_HAL_Driver/Src/stm32c0xx_hal_cortex.o
LOAD ./Drivers/STM32C0xx_HAL_Driver/Src/stm32c0xx_hal_dma.o
LOAD ./Drivers/STM32C0xx_HAL_Driver/Src/stm32c0xx_hal_dma_ex.o
LOAD ./Drivers/STM32C0xx_HAL_Driver/Src/stm32c0xx_hal_exti.o
LOAD ./Drivers/STM32C0xx_HAL_Driver/Src/stm32c0xx_hal_flash.o
LOAD ./Drivers/STM32C0xx_HAL_Driver/Src/stm32c0xx_hal_flash_ex.o
LOAD ./Drivers/STM32C0xx_HAL_Driver/Src/stm32c0xx_hal_gpio.o
LOAD ./Drivers/STM32C0xx_HAL_Driver/Src/stm32c0xx_hal_pwr.o
LOAD ./Drivers/STM32C0xx_HAL_Driver/Src/stm32c0xx_hal_pwr_ex.o
LOAD ./Drivers/STM32C0xx_HAL_Driver/Src/stm32c0xx_hal_rcc.o
LOAD ./Drivers/STM32C0xx_HAL_Driver/Src/stm32c0xx_hal_rcc_ex.o
LOAD ./Drivers/STM32C0xx_HAL_Driver/Src/stm32c0xx_hal_uart.o
LOAD ./Drivers/STM32C0xx_HAL_Driver/Src/stm32c0xx_hal_uart_ex.o
START GROUP
LOAD C:/ST/STM32CubeIDE_2.0.0/STM32CubeIDE/plugins/com.st.stm32cube.ide.mcu.externaltools.gnu-tools-for-stm32.13.3.rel1.win32_1.0.100.202509120712/tools/bin/../lib/gcc/arm-none-eabi/13.3.1/../../../../arm-none-eabi/lib/thumb/v6-m/nofp\libc_nano.a
LOAD C:/ST/STM32CubeIDE_2.0.0/STM32CubeIDE/plugins/com.st.stm32cube.ide.mcu.externaltools.gnu-tools-for-stm32.13.3.rel1.win32_1.0.100.202509120712/tools/bin/../lib/gcc/arm-none-eabi/13.3.1/../../../../arm-none-eabi/lib/thumb/v6-m/nofp\libm.a
END GROUP
START GROUP
LOAD C:/ST/STM32CubeIDE_2.0.0/STM32CubeIDE/plugins/com.st.stm32cube.ide.mcu.externaltools.gnu-tools-for-stm32.13.3.rel1.win32_1.0.100.202509120712/tools/bin/../lib/gcc/arm-none-eabi/13.3.1/thumb/v6-m/nofp\libgcc.a
LOAD C:/ST/STM32CubeIDE_2.0.0/STM32CubeIDE/plugins/com.st.stm32cube.ide.mcu.externaltools.gnu-tools-for-stm32.13.3.rel1.win32_1.0.100.202509120712/tools/bin/../lib/gcc/arm-none-eabi/13.3.1/../../../../arm-none-eabi/lib/thumb/v6-m/nofp\libc_nano.a
END GROUP
START GROUP
LOAD C:/ST/STM32CubeIDE_2.0.0/STM32CubeIDE/plugins/com.st.stm32cube.ide.mcu.externaltools.gnu-tools-for-stm32.13.3.rel1.win32_1.0.100.202509120712/tools/bin/../lib/gcc/arm-none-eabi/13.3.1/thumb/v6-m/nofp\libgcc.a
LOAD C:/ST/STM32CubeIDE_2.0.0/STM32CubeIDE/plugins/com.st.stm32cube.ide.mcu.externaltools.gnu-tools-for-stm32.13.3.rel1.win32_1.0.100.202509120712/tools/bin/../lib/gcc/arm-none-eabi/13.3.1/../../../../arm-none-eabi/lib/thumb/v6-m/nofp\libc_nano.a
LOAD C:/ST/STM32CubeIDE_2.0.0/STM32CubeIDE/plugins/com.st.stm32cube.ide.mcu.externaltools.gnu-tools-for-stm32.13.3.rel1.win32_1.0.100.202509120712/tools/bin/../lib/gcc/arm-none-eabi/13.3.1/../../../../arm-none-eabi/lib/thumb/v6-m/nofp\libnosys.a
END GROUP
START GROUP
LOAD C:/ST/STM32CubeIDE_2.0.0/STM32CubeIDE/plugins/com.st.stm32cube.ide.mcu.externaltools.gnu-tools-for-stm32.13.3.rel1.win32_1.0.100.202509120712/tools/bin/../lib/gcc/arm-none-eabi/13.3.1/thumb/v6-m/nofp\libgcc.a
LOAD C:/ST/STM32CubeIDE_2.0.0/STM32CubeIDE/plugins/com.st.stm32cube.ide.mcu.externaltools.gnu-tools-for-stm32.13.3.rel1.win32_1.0.100.202509120712/tools/bin/../lib/gcc/arm-none-eabi/13.3.1/../../../../arm-none-eabi/lib/thumb/v6-m/nofp\libc_nano.a
LOAD C:/ST/STM32CubeIDE_2.0.0/STM32CubeIDE/plugins/com.st.stm32cube.ide.mcu.externaltools.gnu-tools-for-stm32.13.3.rel1.win32_1.0.100.202509120712/tools/bin/../lib/gcc/arm-none-eabi/13.3.1/../../../../arm-none-eabi/lib/thumb/v6-m/nofp\libnosys.a
END GROUP
LOAD C:/ST/STM32CubeIDE_2.0.0/STM32CubeIDE/plugins/com.st.stm32cube.ide.mcu.externaltools.gnu-tools-for-stm32.13.3.rel1.win32_1.0.100.202509120712/tools/bin/../lib/gcc/arm-none-eabi/13.3.1/thumb/v6-m/nofp/crtend.o
LOAD C:/ST/STM32CubeIDE_2.0.0/STM32CubeIDE/plugins/com.st.stm32cube.ide.mcu.externaltools.gnu-tools-for-stm32.13.3.rel1.win32_1.0.100.202509120712/tools/bin/../lib/gcc/arm-none-eabi/13.3.1/thumb/v6-m/nofp/crtn.o
                0x20006000                        _estack = (ORIGIN (RAM) + LENGTH (RAM))
                0x00000200                        _Min_Heap_Size = 0x200
                0x00000400                        _Min_Stack_Size = 0x400

.isr_vector     0x08000000       0xc0
                0x08000000                        . = ALIGN (0x4)
 *(.isr_vector)
 .isr_vector    0x08000000       0xc0 ./Core/Startup/startup_stm32c071rbtx.o
                0x08000000                g_pfnVectors
                0x080000c0                        . = ALIGN (0x4)

.text           0x080000c0     0x3b90
                0x080000c0                        . = ALIGN (0x4)
 *(.text)
 .text          0x080000c0       0x48 C:/ST/STM32CubeIDE_2.0.0/STM32CubeIDE/plugins/com.st.stm32cube.ide.mcu.externaltools.gnu-tools-for-stm32.13.3.rel1.win32_1.0.100.202509120712/tools/bin/../lib/gcc/arm-none-eabi/13.3.1/thumb/v6-m/nofp/crtbegin.o
 .text          0x08000108        0xe C:/ST/STM32CubeIDE_2.0.0/STM32CubeIDE/plugins/com.st.stm32cube.ide.mcu.externaltools.gnu-tools-for-stm32.13.3.rel1.win32_1.0.100.202509120712/tools/bin/../lib/gcc/arm-none-eabi/13.3.1/../../../../arm-none-eabi/lib/thumb/v6-m/nofp\libc_nano.a(libc_a-strlen.o)
                0x08000108                strlen
 *fill*         0x08000116        0x2 
 .text          0x08000118       0x14 C:/ST/STM32CubeIDE_2.0.0/STM32CubeIDE/plugins/com.st.stm32cube.ide.mcu.externaltools.gnu-tools-for-stm32.13.3.rel1.win32_1.0.100.202509120712/tools/bin/../lib/gcc/arm-none-eabi/13.3.1/thumb/v6-m/nofp\libgcc.a(_thumb1_case_shi.o)
                0x08000118                __gnu_thumb1_case_shi
 .text          0x0800012c      0x114 C:/ST/STM32CubeIDE_2.0.0/STM32CubeIDE/plugins/com.st.stm32cube.ide.mcu.externaltools.gnu-tools-for-stm32.13.3.rel1.win32_1.0.100.202509120712/tools/bin/../lib/gcc/arm-none-eabi/13.3.1/thumb/v6-m/nofp\libgcc.a(_udivsi3.o)
                0x0800012c                __aeabi_uidiv
                0x0800012c                __udivsi3
                0x08000238                __aeabi_uidivmod
 .text          0x08000240      0x1d4 C:/ST/STM32CubeIDE_2.0.0/STM32CubeIDE/plugins/com.st.stm32cube.ide.mcu.externaltools.gnu-tools-for-stm32.13.3.rel1.win32_1.0.100.202509120712/tools/bin/../lib/gcc/arm-none-eabi/13.3.1/thumb/v6-m/nofp\libgcc.a(_divsi3.o)
                0x08000240                __divsi3
                0x08000240                __aeabi_idiv
                0x0800040c                __aeabi_idivmod
 .text          0x08000414        0x4 C:/ST/STM32CubeIDE_2.0.0/STM32CubeIDE/plugins/com.st.stm32cube.ide.mcu.externaltools.gnu-tools-for-stm32.13.3.rel1.win32_1.0.100.202509120712/tools/bin/../lib/gcc/arm-none-eabi/13.3.1/thumb/v6-m/nofp\libgcc.a(_dvmd_tls.o)
                0x08000414                __aeabi_idiv0
                0x08000414                __aeabi_ldiv0
 *(.text*)
 .text.clamp_i32
                0x08000418       0x2e ./Core/Src/main.o
 *fill*         0x08000446        0x2 
 .text.main     0x08000448      0x23c ./Core/Src/main.o
                0x08000448                main
 .text.SystemClock_Config
                0x08000684       0x98 ./Core/Src/main.o
                0x08000684                SystemClock_Config
 .text.MX_ADC1_Init
                0x0800071c       0xc4 ./Core/Src/main.o
 .text.MX_USART2_UART_Init
                0x080007e0       0x68 ./Core/Src/main.o
 .text.MX_GPIO_Init
                0x08000848       0xc8 ./Core/Src/main.o
 .text.Error_Handler
                0x08000910        0xc ./Core/Src/main.o
                0x08000910                Error_Handler
 .text.HAL_MspInit
                0x0800091c       0x48 ./Core/Src/stm32c0xx_hal_msp.o
                0x0800091c                HAL_MspInit
 .text.HAL_ADC_MspInit
                0x08000964       0xb4 ./Core/Src/stm32c0xx_hal_msp.o
                0x08000964                HAL_ADC_MspInit
 .text.HAL_UART_MspInit
                0x08000a18       0x94 ./Core/Src/stm32c0xx_hal_msp.o
                0x08000a18                HAL_UART_MspInit
 .text.NMI_Handler
                0x08000aac        0x8 ./Core/Src/stm32c0xx_it.o
                0x08000aac                NMI_Handler
 .text.HardFault_Handler
                0x08000ab4        0x8 ./Core/Src/stm32c0xx_it.o
                0x08000ab4                HardFault_Handler
 .text.SVC_Handler
                0x08000abc        0xa ./Core/Src/stm32c0xx_it.o
                0x08000abc                SVC_Handler
 .text.PendSV_Handler
                0x08000ac6        0xa ./Core/Src/stm32c0xx_it.o
                0x08000ac6                PendSV_Handler
 .text.SysTick_Handler
                0x08000ad0        0xe ./Core/Src/stm32c0xx_it.o
                0x08000ad0                SysTick_Handler
 *fill*         0x08000ade        0x2 
 .text._sbrk    0x08000ae0       0x6c ./Core/Src/sysmem.o
                0x08000ae0                _sbrk
 .text.SystemInit
                0x08000b4c       0x18 ./Core/Src/system_stm32c0xx.o
                0x08000b4c                SystemInit
 .text.Reset_Handler
                0x08000b64       0x50 ./Core/Startup/startup_stm32c071rbtx.o
                0x08000b64                Reset_Handler
 .text.Default_Handler
                0x08000bb4        0x2 ./Core/Startup/startup_stm32c071rbtx.o
                0x08000bb4                TIM1_CC_IRQHandler
                0x08000bb4                USB_DRD_FS_IRQHandler
                0x08000bb4                I2C1_IRQHandler
                0x08000bb4                RCC_CRS_IRQHandler
                0x08000bb4                SPI1_IRQHandler
                0x08000bb4                EXTI2_3_IRQHandler
                0x08000bb4                ADC1_IRQHandler
                0x08000bb4                I2C2_IRQHandler
                0x08000bb4                TIM17_IRQHandler
                0x08000bb4                RTC_IRQHandler
                0x08000bb4                PVD_VDDIO2_IRQHandler
                0x08000bb4                TIM16_IRQHandler
                0x08000bb4                TIM3_IRQHandler
                0x08000bb4                EXTI4_15_IRQHandler
                0x08000bb4                DMA1_Channel1_IRQHandler
                0x08000bb4                Default_Handler
                0x08000bb4                TIM14_IRQHandler
                0x08000bb4                EXTI0_1_IRQHandler
                0x08000bb4                SPI2_IRQHandler
                0x08000bb4                WWDG_IRQHandler
                0x08000bb4                TIM2_IRQHandler
                0x08000bb4                DMA1_Channel2_3_IRQHandler
                0x08000bb4                DMAMUX1_DMA1_CH4_5_IRQHandler
                0x08000bb4                USART2_IRQHandler
                0x08000bb4                FLASH_IRQHandler
                0x08000bb4                USART1_IRQHandler
                0x08000bb4                TIM1_BRK_UP_TRG_COM_IRQHandler
 .text.HAL_Init
                0x08000bb6       0x2e ./Drivers/STM32C0xx_HAL_Driver/Src/stm32c0xx_hal.o
                0x08000bb6                HAL_Init
 .text.HAL_InitTick
                0x08000be4       0x94 ./Drivers/STM32C0xx_HAL_Driver/Src/stm32c0xx_hal.o
                0x08000be4                HAL_InitTick
 .text.HAL_IncTick
                0x08000c78       0x24 ./Drivers/STM32C0xx_HAL_Driver/Src/stm32c0xx_hal.o
                0x08000c78                HAL_IncTick
 .text.HAL_GetTick
                0x08000c9c       0x14 ./Drivers/STM32C0xx_HAL_Driver/Src/stm32c0xx_hal.o
                0x08000c9c                HAL_GetTick
 .text.HAL_Delay
                0x08000cb0       0x48 ./Drivers/STM32C0xx_HAL_Driver/Src/stm32c0xx_hal.o
                0x08000cb0                HAL_Delay
 .text.LL_ADC_SetCommonPathInternalCh
                0x08000cf8       0x28 ./Drivers/STM32C0xx_HAL_Driver/Src/stm32c0xx_hal_adc.o
 .text.LL_ADC_GetCommonPathInternalCh
                0x08000d20       0x1a ./Drivers/STM32C0xx_HAL_Driver/Src/stm32c0xx_hal_adc.o
 .text.LL_ADC_SetSamplingTimeCommonChannels
                0x08000d3a       0x3a ./Drivers/STM32C0xx_HAL_Driver/Src/stm32c0xx_hal_adc.o
 .text.LL_ADC_GetSamplingTimeCommonChannels
                0x08000d74       0x2e ./Drivers/STM32C0xx_HAL_Driver/Src/stm32c0xx_hal_adc.o
 .text.LL_ADC_REG_IsTriggerSourceSWStart
                0x08000da2       0x22 ./Drivers/STM32C0xx_HAL_Driver/Src/stm32c0xx_hal_adc.o
 .text.LL_ADC_REG_SetSequencerRanks
                0x08000dc4       0x40 ./Drivers/STM32C0xx_HAL_Driver/Src/stm32c0xx_hal_adc.o
 .text.LL_ADC_REG_SetSequencerChAdd
                0x08000e04       0x22 ./Drivers/STM32C0xx_HAL_Driver/Src/stm32c0xx_hal_adc.o
 .text.LL_ADC_REG_SetSequencerChRem
                0x08000e26       0x24 ./Drivers/STM32C0xx_HAL_Driver/Src/stm32c0xx_hal_adc.o
 *fill*         0x08000e4a        0x2 
 .text.LL_ADC_SetChannelSamplingTime
                0x08000e4c       0x38 ./Drivers/STM32C0xx_HAL_Driver/Src/stm32c0xx_hal_adc.o
 .text.LL_ADC_EnableInternalRegulator
                0x08000e84       0x28 ./Drivers/STM32C0xx_HAL_Driver/Src/stm32c0xx_hal_adc.o
 .text.LL_ADC_IsInternalRegulatorEnabled
                0x08000eac       0x28 ./Drivers/STM32C0xx_HAL_Driver/Src/stm32c0xx_hal_adc.o
 .text.LL_ADC_Enable
                0x08000ed4       0x24 ./Drivers/STM32C0xx_HAL_Driver/Src/stm32c0xx_hal_adc.o
 .text.LL_ADC_Disable
                0x08000ef8       0x24 ./Drivers/STM32C0xx_HAL_Driver/Src/stm32c0xx_hal_adc.o
 .text.LL_ADC_IsEnabled
                0x08000f1c       0x22 ./Drivers/STM32C0xx_HAL_Driver/Src/stm32c0xx_hal_adc.o
 .text.LL_ADC_IsDisableOngoing
                0x08000f3e       0x22 ./Drivers/STM32C0xx_HAL_Driver/Src/stm32c0xx_hal_adc.o
 .text.LL_ADC_REG_StartConversion
                0x08000f60       0x24 ./Drivers/STM32C0xx_HAL_Driver/Src/stm32c0xx_hal_adc.o
 .text.LL_ADC_REG_StopConversion
                0x08000f84       0x24 ./Drivers/STM32C0xx_HAL_Driver/Src/stm32c0xx_hal_adc.o
 .text.LL_ADC_REG_IsConversionOngoing
                0x08000fa8       0x22 ./Drivers/STM32C0xx_HAL_Driver/Src/stm32c0xx_hal_adc.o
 *fill*         0x08000fca        0x2 
 .text.HAL_ADC_Init
                0x08000fcc      0x34c ./Drivers/STM32C0xx_HAL_Driver/Src/stm32c0xx_hal_adc.o
                0x08000fcc                HAL_ADC_Init
 .text.HAL_ADC_Start
                0x08001318       0x9c ./Drivers/STM32C0xx_HAL_Driver/Src/stm32c0xx_hal_adc.o
                0x08001318                HAL_ADC_Start
 .text.HAL_ADC_Stop
                0x080013b4       0x78 ./Drivers/STM32C0xx_HAL_Driver/Src/stm32c0xx_hal_adc.o
                0x080013b4                HAL_ADC_Stop
 .text.HAL_ADC_PollForConversion
                0x0800142c      0x11c ./Drivers/STM32C0xx_HAL_Driver/Src/stm32c0xx_hal_adc.o
                0x0800142c                HAL_ADC_PollForConversion
 .text.HAL_ADC_GetValue
                0x08001548       0x16 ./Drivers/STM32C0xx_HAL_Driver/Src/stm32c0xx_hal_adc.o
                0x08001548                HAL_ADC_GetValue
 *fill*         0x0800155e        0x2 
 .text.HAL_ADC_ConfigChannel
                0x08001560      0x3ac ./Drivers/STM32C0xx_HAL_Driver/Src/stm32c0xx_hal_adc.o
                0x08001560                HAL_ADC_ConfigChannel
 .text.ADC_ConversionStop
                0x0800190c       0x78 ./Drivers/STM32C0xx_HAL_Driver/Src/stm32c0xx_hal_adc.o
                0x0800190c                ADC_ConversionStop
 .text.ADC_Enable
                0x08001984       0xfc ./Drivers/STM32C0xx_HAL_Driver/Src/stm32c0xx_hal_adc.o
                0x08001984                ADC_Enable
 .text.ADC_Disable
                0x08001a80       0xb0 ./Drivers/STM32C0xx_HAL_Driver/Src/stm32c0xx_hal_adc.o
                0x08001a80                ADC_Disable
 .text.__NVIC_SetPriority
                0x08001b30       0xdc ./Drivers/STM32C0xx_HAL_Driver/Src/stm32c0xx_hal_cortex.o
 .text.SysTick_Config
                0x08001c0c       0x48 ./Drivers/STM32C0xx_HAL_Driver/Src/stm32c0xx_hal_cortex.o
 .text.HAL_NVIC_SetPriority
                0x08001c54       0x2a ./Drivers/STM32C0xx_HAL_Driver/Src/stm32c0xx_hal_cortex.o
                0x08001c54                HAL_NVIC_SetPriority
 .text.HAL_SYSTICK_Config
                0x08001c7e       0x1a ./Drivers/STM32C0xx_HAL_Driver/Src/stm32c0xx_hal_cortex.o
                0x08001c7e                HAL_SYSTICK_Config
 .text.HAL_GPIO_Init
                0x08001c98      0x2e4 ./Drivers/STM32C0xx_HAL_Driver/Src/stm32c0xx_hal_gpio.o
                0x08001c98                HAL_GPIO_Init
 .text.HAL_GPIO_ReadPin
                0x08001f7c       0x3a ./Drivers/STM32C0xx_HAL_Driver/Src/stm32c0xx_hal_gpio.o
                0x08001f7c                HAL_GPIO_ReadPin
 .text.HAL_GPIO_WritePin
                0x08001fb6       0x3a ./Drivers/STM32C0xx_HAL_Driver/Src/stm32c0xx_hal_gpio.o
                0x08001fb6                HAL_GPIO_WritePin
 .text.HAL_RCC_OscConfig
                0x08001ff0      0x44c ./Drivers/STM32C0xx_HAL_Driver/Src/stm32c0xx_hal_rcc.o
                0x08001ff0                HAL_RCC_OscConfig
 .text.HAL_RCC_ClockConfig
                0x0800243c      0x230 ./Drivers/STM32C0xx_HAL_Driver/Src/stm32c0xx_hal_rcc.o
                0x0800243c                HAL_RCC_ClockConfig
 .text.HAL_RCC_GetSysClockFreq
                0x0800266c       0xb0 ./Drivers/STM32C0xx_HAL_Driver/Src/stm32c0xx_hal_rcc.o
                0x0800266c                HAL_RCC_GetSysClockFreq
 .text.HAL_RCC_GetHCLKFreq
                0x0800271c       0x3c ./Drivers/STM32C0xx_HAL_Driver/Src/stm32c0xx_hal_rcc.o
                0x0800271c                HAL_RCC_GetHCLKFreq
 .text.HAL_RCC_GetPCLK1Freq
                0x08002758       0x30 ./Drivers/STM32C0xx_HAL_Driver/Src/stm32c0xx_hal_rcc.o
                0x08002758                HAL_RCC_GetPCLK1Freq
 .text.HAL_RCCEx_PeriphCLKConfig
                0x08002788      0x1f8 ./Drivers/STM32C0xx_HAL_Driver/Src/stm32c0xx_hal_rcc_ex.o
                0x08002788                HAL_RCCEx_PeriphCLKConfig
 .text.HAL_UART_Init
                0x08002980       0xac ./Drivers/STM32C0xx_HAL_Driver/Src/stm32c0xx_hal_uart.o
                0x08002980                HAL_UART_Init
 .text.HAL_UART_Transmit
                0x08002a2c      0x148 ./Drivers/STM32C0xx_HAL_Driver/Src/stm32c0xx_hal_uart.o
                0x08002a2c                HAL_UART_Transmit
 .text.UART_SetConfig
                0x08002b74      0x2fc ./Drivers/STM32C0xx_HAL_Driver/Src/stm32c0xx_hal_uart.o
                0x08002b74                UART_SetConfig
 .text.UART_AdvFeatureConfig
                0x08002e70      0x168 ./Drivers/STM32C0xx_HAL_Driver/Src/stm32c0xx_hal_uart.o
                0x08002e70                UART_AdvFeatureConfig
 .text.UART_CheckIdleState
                0x08002fd8      0x154 ./Drivers/STM32C0xx_HAL_Driver/Src/stm32c0xx_hal_uart.o
                0x08002fd8                UART_CheckIdleState
 .text.UART_WaitOnFlagUntilTimeout
                0x0800312c       0xde ./Drivers/STM32C0xx_HAL_Driver/Src/stm32c0xx_hal_uart.o
                0x0800312c                UART_WaitOnFlagUntilTimeout
 *fill*         0x0800320a        0x2 
 .text.UART_EndRxTransfer
                0x0800320c       0xcc ./Drivers/STM32C0xx_HAL_Driver/Src/stm32c0xx_hal_uart.o
 .text.snprintf
                0x080032d8       0x6c C:/ST/STM32CubeIDE_2.0.0/STM32CubeIDE/plugins/com.st.stm32cube.ide.mcu.externaltools.gnu-tools-for-stm32.13.3.rel1.win32_1.0.100.202509120712/tools/bin/../lib/gcc/arm-none-eabi/13.3.1/../../../../arm-none-eabi/lib/thumb/v6-m/nofp\libc_nano.a(libc_a-snprintf.o)
                0x080032d8                sniprintf
                0x080032d8                snprintf
 .text.memset   0x08003344       0x10 C:/ST/STM32CubeIDE_2.0.0/STM32CubeIDE/plugins/com.st.stm32cube.ide.mcu.externaltools.gnu-tools-for-stm32.13.3.rel1.win32_1.0.100.202509120712/tools/bin/../lib/gcc/arm-none-eabi/13.3.1/../../../../arm-none-eabi/lib/thumb/v6-m/nofp\libc_nano.a(libc_a-memset.o)
                0x08003344                memset
 .text.__errno  0x08003354        0xc C:/ST/STM32CubeIDE_2.0.0/STM32CubeIDE/plugins/com.st.stm32cube.ide.mcu.externaltools.gnu-tools-for-stm32.13.3.rel1.win32_1.0.100.202509120712/tools/bin/../lib/gcc/arm-none-eabi/13.3.1/../../../../arm-none-eabi/lib/thumb/v6-m/nofp\libc_nano.a(libc_a-errno.o)
                0x08003354                __errno
 .text.__libc_init_array
                0x08003360       0x48 C:/ST/STM32CubeIDE_2.0.0/STM32CubeIDE/plugins/com.st.stm32cube.ide.mcu.externaltools.gnu-tools-for-stm32.13.3.rel1.win32_1.0.100.202509120712/tools/bin/../lib/gcc/arm-none-eabi/13.3.1/../../../../arm-none-eabi/lib/thumb/v6-m/nofp\libc_nano.a(libc_a-init.o)
                0x08003360                __libc_init_array
 .text.__retarget_lock_acquire_recursive
                0x080033a8        0x2 C:/ST/STM32CubeIDE_2.0.0/STM32CubeIDE/plugins/com.st.stm32cube.ide.mcu.externaltools.gnu-tools-for-stm32.13.3.rel1.win32_1.0.100.202509120712/tools/bin/../lib/gcc/arm-none-eabi/13.3.1/../../../../arm-none-eabi/lib/thumb/v6-m/nofp\libc_nano.a(libc_a-lock.o)
                0x080033a8                __retarget_lock_acquire_recursive
 .text.__retarget_lock_release_recursive
                0x080033aa        0x2 C:/ST/STM32CubeIDE_2.0.0/STM32CubeIDE/plugins/com.st.stm32cube.ide.mcu.externaltools.gnu-tools-for-stm32.13.3.rel1.win32_1.0.100.202509120712/tools/bin/../lib/gcc/arm-none-eabi/13.3.1/../../../../arm-none-eabi/lib/thumb/v6-m/nofp\libc_nano.a(libc_a-lock.o)
                0x080033aa                __retarget_lock_release_recursive
 .text._free_r  0x080033ac       0x94 C:/ST/STM32CubeIDE_2.0.0/STM32CubeIDE/plugins/com.st.stm32cube.ide.mcu.externaltools.gnu-tools-for-stm32.13.3.rel1.win32_1.0.100.202509120712/tools/bin/../lib/gcc/arm-none-eabi/13.3.1/../../../../arm-none-eabi/lib/thumb/v6-m/nofp\libc_nano.a(libc_a-freer.o)
                0x080033ac                _free_r
 .text.sbrk_aligned
                0x08003440       0x44 C:/ST/STM32CubeIDE_2.0.0/STM32CubeIDE/plugins/com.st.stm32cube.ide.mcu.externaltools.gnu-tools-for-stm32.13.3.rel1.win32_1.0.100.202509120712/tools/bin/../lib/gcc/arm-none-eabi/13.3.1/../../../../arm-none-eabi/lib/thumb/v6-m/nofp\libc_nano.a(libc_a-mallocr.o)
 .text._malloc_r
                0x08003484      0x100 C:/ST/STM32CubeIDE_2.0.0/STM32CubeIDE/plugins/com.st.stm32cube.ide.mcu.externaltools.gnu-tools-for-stm32.13.3.rel1.win32_1.0.100.202509120712/tools/bin/../lib/gcc/arm-none-eabi/13.3.1/../../../../arm-none-eabi/lib/thumb/v6-m/nofp\libc_nano.a(libc_a-mallocr.o)
                0x08003484                _malloc_r
 .text.__malloc_lock
                0x08003584       0x10 C:/ST/STM32CubeIDE_2.0.0/STM32CubeIDE/plugins/com.st.stm32cube.ide.mcu.externaltools.gnu-tools-for-stm32.13.3.rel1.win32_1.0.100.202509120712/tools/bin/../lib/gcc/arm-none-eabi/13.3.1/../../../../arm-none-eabi/lib/thumb/v6-m/nofp\libc_nano.a(libc_a-mlock.o)
                0x08003584                __malloc_lock
 .text.__malloc_unlock
                0x08003594       0x10 C:/ST/STM32CubeIDE_2.0.0/STM32CubeIDE/plugins/com.st.stm32cube.ide.mcu.externaltools.gnu-tools-for-stm32.13.3.rel1.win32_1.0.100.202509120712/tools/bin/../lib/gcc/arm-none-eabi/13.3.1/../../../../arm-none-eabi/lib/thumb/v6-m/nofp\libc_nano.a(libc_a-mlock.o)
                0x08003594                __malloc_unlock
 .text.__ssputs_r
                0x080035a4       0xc0 C:/ST/STM32CubeIDE_2.0.0/STM32CubeIDE/plugins/com.st.stm32cube.ide.mcu.externaltools.gnu-tools-for-stm32.13.3.rel1.win32_1.0.100.202509120712/tools/bin/../lib/gcc/arm-none-eabi/13.3.1/../../../../arm-none-eabi/lib/thumb/v6-m/nofp\libc_nano.a(libc_a-nano-svfprintf.o)
                0x080035a4                __ssputs_r
 .text._svfprintf_r
                0x08003664      0x1fc C:/ST/STM32CubeIDE_2.0.0/STM32CubeIDE/plugins/com.st.stm32cube.ide.mcu.externaltools.gnu-tools-for-stm32.13.3.rel1.win32_1.0.100.202509120712/tools/bin/../lib/gcc/arm-none-eabi/13.3.1/../../../../arm-none-eabi/lib/thumb/v6-m/nofp\libc_nano.a(libc_a-nano-svfprintf.o)
                0x08003664                _svfiprintf_r
                0x08003664                _svfprintf_r
 .text._printf_common
                0x08003860       0xde C:/ST/STM32CubeIDE_2.0.0/STM32CubeIDE/plugins/com.st.stm32cube.ide.mcu.externaltools.gnu-tools-for-stm32.13.3.rel1.win32_1.0.100.202509120712/tools/bin/../lib/gcc/arm-none-eabi/13.3.1/../../../../arm-none-eabi/lib/thumb/v6-m/nofp\libc_nano.a(libc_a-nano-vfprintf_i.o)
                0x08003860                _printf_common
 *fill*         0x0800393e        0x2 
 .text._printf_i
                0x08003940      0x218 C:/ST/STM32CubeIDE_2.0.0/STM32CubeIDE/plugins/com.st.stm32cube.ide.mcu.externaltools.gnu-tools-for-stm32.13.3.rel1.win32_1.0.100.202509120712/tools/bin/../lib/gcc/arm-none-eabi/13.3.1/../../../../arm-none-eabi/lib/thumb/v6-m/nofp\libc_nano.a(libc_a-nano-vfprintf_i.o)
                0x08003940                _printf_i
 .text.memmove  0x08003b58       0x24 C:/ST/STM32CubeIDE_2.0.0/STM32CubeIDE/plugins/com.st.stm32cube.ide.mcu.externaltools.gnu-tools-for-stm32.13.3.rel1.win32_1.0.100.202509120712/tools/bin/../lib/gcc/arm-none-eabi/13.3.1/../../../../arm-none-eabi/lib/thumb/v6-m/nofp\libc_nano.a(libc_a-memmove.o)
                0x08003b58                memmove
 .text._sbrk_r  0x08003b7c       0x24 C:/ST/STM32CubeIDE_2.0.0/STM32CubeIDE/plugins/com.st.stm32cube.ide.mcu.externaltools.gnu-tools-for-stm32.13.3.rel1.win32_1.0.100.202509120712/tools/bin/../lib/gcc/arm-none-eabi/13.3.1/../../../../arm-none-eabi/lib/thumb/v6-m/nofp\libc_nano.a(libc_a-sbrkr.o)
                0x08003b7c                _sbrk_r
 .text.memchr   0x08003ba0       0x16 C:/ST/STM32CubeIDE_2.0.0/STM32CubeIDE/plugins/com.st.stm32cube.ide.mcu.externaltools.gnu-tools-for-stm32.13.3.rel1.win32_1.0.100.202509120712/tools/bin/../lib/gcc/arm-none-eabi/13.3.1/../../../../arm-none-eabi/lib/thumb/v6-m/nofp\libc_nano.a(libc_a-memchr-stub.o)
                0x08003ba0                memchr
 .text.memcpy   0x08003bb6       0x12 C:/ST/STM32CubeIDE_2.0.0/STM32CubeIDE/plugins/com.st.stm32cube.ide.mcu.externaltools.gnu-tools-for-stm32.13.3.rel1.win32_1.0.100.202509120712/tools/bin/../lib/gcc/arm-none-eabi/13.3.1/../../../../arm-none-eabi/lib/thumb/v6-m/nofp\libc_nano.a(libc_a-memcpy-stub.o)
                0x08003bb6                memcpy
 .text._realloc_r
                0x08003bc8       0x60 C:/ST/STM32CubeIDE_2.0.0/STM32CubeIDE/plugins/com.st.stm32cube.ide.mcu.externaltools.gnu-tools-for-stm32.13.3.rel1.win32_1.0.100.202509120712/tools/bin/../lib/gcc/arm-none-eabi/13.3.1/../../../../arm-none-eabi/lib/thumb/v6-m/nofp\libc_nano.a(libc_a-reallocr.o)
                0x08003bc8                _realloc_r
 .text._malloc_usable_size_r
                0x08003c28       0x10 C:/ST/STM32CubeIDE_2.0.0/STM32CubeIDE/plugins/com.st.stm32cube.ide.mcu.externaltools.gnu-tools-for-stm32.13.3.rel1.win32_1.0.100.202509120712/tools/bin/../lib/gcc/arm-none-eabi/13.3.1/../../../../arm-none-eabi/lib/thumb/v6-m/nofp\libc_nano.a(libc_a-msizer.o)
                0x08003c28                _malloc_usable_size_r
 *(.glue_7)
 .glue_7        0x08003c38        0x0 linker stubs
 *(.glue_7t)
 .glue_7t       0x08003c38        0x0 linker stubs
 *(.eh_frame)
 .eh_frame      0x08003c38        0x0 C:/ST/STM32CubeIDE_2.0.0/STM32CubeIDE/plugins/com.st.stm32cube.ide.mcu.externaltools.gnu-tools-for-stm32.13.3.rel1.win32_1.0.100.202509120712/tools/bin/../lib/gcc/arm-none-eabi/13.3.1/thumb/v6-m/nofp/crtbegin.o
 *(.init)
 .init          0x08003c38        0x4 C:/ST/STM32CubeIDE_2.0.0/STM32CubeIDE/plugins/com.st.stm32cube.ide.mcu.externaltools.gnu-tools-for-stm32.13.3.rel1.win32_1.0.100.202509120712/tools/bin/../lib/gcc/arm-none-eabi/13.3.1/thumb/v6-m/nofp/crti.o
                0x08003c38                _init
 .init          0x08003c3c        0x8 C:/ST/STM32CubeIDE_2.0.0/STM32CubeIDE/plugins/com.st.stm32cube.ide.mcu.externaltools.gnu-tools-for-stm32.13.3.rel1.win32_1.0.100.202509120712/tools/bin/../lib/gcc/arm-none-eabi/13.3.1/thumb/v6-m/nofp/crtn.o
 *(.fini)
 .fini          0x08003c44        0x4 C:/ST/STM32CubeIDE_2.0.0/STM32CubeIDE/plugins/com.st.stm32cube.ide.mcu.externaltools.gnu-tools-for-stm32.13.3.rel1.win32_1.0.100.202509120712/tools/bin/../lib/gcc/arm-none-eabi/13.3.1/thumb/v6-m/nofp/crti.o
                0x08003c44                _fini
 .fini          0x08003c48        0x8 C:/ST/STM32CubeIDE_2.0.0/STM32CubeIDE/plugins/com.st.stm32cube.ide.mcu.externaltools.gnu-tools-for-stm32.13.3.rel1.win32_1.0.100.202509120712/tools/bin/../lib/gcc/arm-none-eabi/13.3.1/thumb/v6-m/nofp/crtn.o
                0x08003c50                        . = ALIGN (0x4)
                0x08003c50                        _etext = .

.vfp11_veneer   0x08003c50        0x0
 .vfp11_veneer  0x08003c50        0x0 linker stubs

.v4_bx          0x08003c50        0x0
 .v4_bx         0x08003c50        0x0 linker stubs

.iplt           0x08003c50        0x0
 .iplt          0x08003c50        0x0 C:/ST/STM32CubeIDE_2.0.0/STM32CubeIDE/plugins/com.st.stm32cube.ide.mcu.externaltools.gnu-tools-for-stm32.13.3.rel1.win32_1.0.100.202509120712/tools/bin/../lib/gcc/arm-none-eabi/13.3.1/thumb/v6-m/nofp/crtbegin.o

.rodata         0x08003c50      0x134
                0x08003c50                        . = ALIGN (0x4)
 *(.rodata)
 .rodata        0x08003c50       0x86 ./Core/Src/main.o
 *(.rodata*)
 *fill*         0x08003cd6        0x2 
 .rodata.AHBPrescTable
                0x08003cd8       0x40 ./Core/Src/system_stm32c0xx.o
                0x08003cd8                AHBPrescTable
 .rodata.APBPrescTable
                0x08003d18       0x20 ./Core/Src/system_stm32c0xx.o
                0x08003d18                APBPrescTable
 .rodata.UARTPrescTable
                0x08003d38       0x18 ./Drivers/STM32C0xx_HAL_Driver/Src/stm32c0xx_hal_uart.o
                0x08003d38                UARTPrescTable
 .rodata._svfprintf_r.str1.1
                0x08003d50       0x33 C:/ST/STM32CubeIDE_2.0.0/STM32CubeIDE/plugins/com.st.stm32cube.ide.mcu.externaltools.gnu-tools-for-stm32.13.3.rel1.win32_1.0.100.202509120712/tools/bin/../lib/gcc/arm-none-eabi/13.3.1/../../../../arm-none-eabi/lib/thumb/v6-m/nofp\libc_nano.a(libc_a-nano-svfprintf.o)
                                 0x11 (size before relaxing)
 .rodata._printf_i.str1.1
                0x08003d83        0x0 C:/ST/STM32CubeIDE_2.0.0/STM32CubeIDE/plugins/com.st.stm32cube.ide.mcu.externaltools.gnu-tools-for-stm32.13.3.rel1.win32_1.0.100.202509120712/tools/bin/../lib/gcc/arm-none-eabi/13.3.1/../../../../arm-none-eabi/lib/thumb/v6-m/nofp\libc_nano.a(libc_a-nano-vfprintf_i.o)
                                 0x22 (size before relaxing)
                0x08003d84                        . = ALIGN (0x4)
 *fill*         0x08003d83        0x1 

.ARM.extab      0x08003d84        0x0
                0x08003d84                        . = ALIGN (0x4)
 *(.ARM.extab* .gnu.linkonce.armextab.*)
                0x08003d84                        . = ALIGN (0x4)

.ARM            0x08003d84        0x0
                0x08003d84                        . = ALIGN (0x4)
                0x08003d84                        __exidx_start = .
 *(.ARM.exidx*)
                0x08003d84                        __exidx_end = .
                0x08003d84                        . = ALIGN (0x4)

.preinit_array  0x08003d84        0x0
                0x08003d84                        . = ALIGN (0x4)
                0x08003d84                        PROVIDE (__preinit_array_start = .)
 *(.preinit_array*)
                0x08003d84                        PROVIDE (__preinit_array_end = .)
                0x08003d84                        . = ALIGN (0x4)

.init_array     0x08003d84        0x4
                0x08003d84                        . = ALIGN (0x4)
                0x08003d84                        PROVIDE (__init_array_start = .)
 *(SORT_BY_NAME(.init_array.*))
 *(.init_array*)
 .init_array    0x08003d84        0x4 C:/ST/STM32CubeIDE_2.0.0/STM32CubeIDE/plugins/com.st.stm32cube.ide.mcu.externaltools.gnu-tools-for-stm32.13.3.rel1.win32_1.0.100.202509120712/tools/bin/../lib/gcc/arm-none-eabi/13.3.1/thumb/v6-m/nofp/crtbegin.o
                0x08003d88                        PROVIDE (__init_array_end = .)
                0x08003d88                        . = ALIGN (0x4)

.fini_array     0x08003d88        0x4
                0x08003d88                        . = ALIGN (0x4)
                [!provide]                        PROVIDE (__fini_array_start = .)
 *(SORT_BY_NAME(.fini_array.*))
 *(.fini_array*)
 .fini_array    0x08003d88        0x4 C:/ST/STM32CubeIDE_2.0.0/STM32CubeIDE/plugins/com.st.stm32cube.ide.mcu.externaltools.gnu-tools-for-stm32.13.3.rel1.win32_1.0.100.202509120712/tools/bin/../lib/gcc/arm-none-eabi/13.3.1/thumb/v6-m/nofp/crtbegin.o
                [!provide]                        PROVIDE (__fini_array_end = .)
                0x08003d8c                        . = ALIGN (0x4)
                0x08003d8c                        _sidata = LOADADDR (.data)

.rel.dyn        0x08003d8c        0x0
 .rel.iplt      0x08003d8c        0x0 C:/ST/STM32CubeIDE_2.0.0/STM32CubeIDE/plugins/com.st.stm32cube.ide.mcu.externaltools.gnu-tools-for-stm32.13.3.rel1.win32_1.0.100.202509120712/tools/bin/../lib/gcc/arm-none-eabi/13.3.1/thumb/v6-m/nofp/crtbegin.o

.data           0x20000000       0x60 load address 0x08003d8c
                0x20000000                        . = ALIGN (0x4)
                0x20000000                        _sdata = .
 *(.data)
 *(.data*)
 .data.center   0x20000000        0x4 ./Core/Src/main.o
                0x20000000                center
 .data.SystemCoreClock
                0x20000004        0x4 ./Core/Src/system_stm32c0xx.o
                0x20000004                SystemCoreClock
 .data.uwTickPrio
                0x20000008        0x4 ./Drivers/STM32C0xx_HAL_Driver/Src/stm32c0xx_hal.o
                0x20000008                uwTickPrio
 .data.uwTickFreq
                0x2000000c        0x1 ./Drivers/STM32C0xx_HAL_Driver/Src/stm32c0xx_hal.o
                0x2000000c                uwTickFreq
 *fill*         0x2000000d        0x3 
 .data._impure_ptr
                0x20000010        0x4 C:/ST/STM32CubeIDE_2.0.0/STM32CubeIDE/plugins/com.st.stm32cube.ide.mcu.externaltools.gnu-tools-for-stm32.13.3.rel1.win32_1.0.100.202509120712/tools/bin/../lib/gcc/arm-none-eabi/13.3.1/../../../../arm-none-eabi/lib/thumb/v6-m/nofp\libc_nano.a(libc_a-impure.o)
                0x20000010                _impure_ptr
 .data._impure_data
                0x20000014       0x4c C:/ST/STM32CubeIDE_2.0.0/STM32CubeIDE/plugins/com.st.stm32cube.ide.mcu.externaltools.gnu-tools-for-stm32.13.3.rel1.win32_1.0.100.202509120712/tools/bin/../lib/gcc/arm-none-eabi/13.3.1/../../../../arm-none-eabi/lib/thumb/v6-m/nofp\libc_nano.a(libc_a-impure.o)
                0x20000014                _impure_data
 *(.RamFunc)
 *(.RamFunc*)
                0x20000060                        . = ALIGN (0x4)
                0x20000060                        _edata = .

.igot.plt       0x20000060        0x0 load address 0x08003dec
 .igot.plt      0x20000060        0x0 C:/ST/STM32CubeIDE_2.0.0/STM32CubeIDE/plugins/com.st.stm32cube.ide.mcu.externaltools.gnu-tools-for-stm32.13.3.rel1.win32_1.0.100.202509120712/tools/bin/../lib/gcc/arm-none-eabi/13.3.1/thumb/v6-m/nofp/crtbegin.o
                0x20000060                        . = ALIGN (0x4)

.bss            0x20000060      0x270 load address 0x08003dec
                0x20000060                        _sbss = .
                0x20000060                        __bss_start__ = _sbss
 *(.bss)
 .bss           0x20000060       0x1c C:/ST/STM32CubeIDE_2.0.0/STM32CubeIDE/plugins/com.st.stm32cube.ide.mcu.externaltools.gnu-tools-for-stm32.13.3.rel1.win32_1.0.100.202509120712/tools/bin/../lib/gcc/arm-none-eabi/13.3.1/thumb/v6-m/nofp/crtbegin.o
 *(.bss*)
 .bss.hadc1     0x2000007c       0x64 ./Core/Src/main.o
                0x2000007c                hadc1
 .bss.huart2    0x200000e0       0x94 ./Core/Src/main.o
                0x200000e0                huart2
 .bss.raw       0x20000174        0x4 ./Core/Src/main.o
                0x20000174                raw
 .bss.steer_pct
                0x20000178        0x4 ./Core/Src/main.o
                0x20000178                steer_pct
 .bss.angle_deg
                0x2000017c        0x4 ./Core/Src/main.o
                0x2000017c                angle_deg
 .bss.__sbrk_heap_end
                0x20000180        0x4 ./Core/Src/sysmem.o
 .bss.uwTick    0x20000184        0x4 ./Drivers/STM32C0xx_HAL_Driver/Src/stm32c0xx_hal.o
                0x20000184                uwTick
 .bss.__sf      0x20000188      0x138 C:/ST/STM32CubeIDE_2.0.0/STM32CubeIDE/plugins/com.st.stm32cube.ide.mcu.externaltools.gnu-tools-for-stm32.13.3.rel1.win32_1.0.100.202509120712/tools/bin/../lib/gcc/arm-none-eabi/13.3.1/../../../../arm-none-eabi/lib/thumb/v6-m/nofp\libc_nano.a(libc_a-findfp.o)
                0x20000188                __sf
 .bss.errno     0x200002c0        0x4 C:/ST/STM32CubeIDE_2.0.0/STM32CubeIDE/plugins/com.st.stm32cube.ide.mcu.externaltools.gnu-tools-for-stm32.13.3.rel1.win32_1.0.100.202509120712/tools/bin/../lib/gcc/arm-none-eabi/13.3.1/../../../../arm-none-eabi/lib/thumb/v6-m/nofp\libc_nano.a(libc_a-reent.o)
                0x200002c0                errno
 .bss.__lock___malloc_recursive_mutex
                0x200002c4        0x1 C:/ST/STM32CubeIDE_2.0.0/STM32CubeIDE/plugins/com.st.stm32cube.ide.mcu.externaltools.gnu-tools-for-stm32.13.3.rel1.win32_1.0.100.202509120712/tools/bin/../lib/gcc/arm-none-eabi/13.3.1/../../../../arm-none-eabi/lib/thumb/v6-m/nofp\libc_nano.a(libc_a-lock.o)
                0x200002c4                __lock___malloc_recursive_mutex
 *fill*         0x200002c5        0x3 
 .bss.__malloc_sbrk_start
                0x200002c8        0x4 C:/ST/STM32CubeIDE_2.0.0/STM32CubeIDE/plugins/com.st.stm32cube.ide.mcu.externaltools.gnu-tools-for-stm32.13.3.rel1.win32_1.0.100.202509120712/tools/bin/../lib/gcc/arm-none-eabi/13.3.1/../../../../arm-none-eabi/lib/thumb/v6-m/nofp\libc_nano.a(libc_a-mallocr.o)
                0x200002c8                __malloc_sbrk_start
 .bss.__malloc_free_list
                0x200002cc        0x4 C:/ST/STM32CubeIDE_2.0.0/STM32CubeIDE/plugins/com.st.stm32cube.ide.mcu.externaltools.gnu-tools-for-stm32.13.3.rel1.win32_1.0.100.202509120712/tools/bin/../lib/gcc/arm-none-eabi/13.3.1/../../../../arm-none-eabi/lib/thumb/v6-m/nofp\libc_nano.a(libc_a-mallocr.o)
                0x200002cc                __malloc_free_list
 *(COMMON)
                0x200002d0                        . = ALIGN (0x4)
                0x200002d0                        _ebss = .
                0x200002d0                        __bss_end__ = _ebss

._user_heap_stack
                0x200002d0      0x600 load address 0x08003dec
                0x200002d0                        . = ALIGN (0x8)
                [!provide]                        PROVIDE (end = .)
                0x200002d0                        PROVIDE (_end = .)
                0x200004d0                        . = (. + _Min_Heap_Size)
 *fill*         0x200002d0      0x200 
                0x200008d0                        . = (. + _Min_Stack_Size)
 *fill*         0x200004d0      0x400 
                0x200008d0                        . = ALIGN (0x8)

/DISCARD/
 libc.a(*)
 libm.a(*)
 libgcc.a(*)

.ARM.attributes
                0x00000000       0x28
 *(.ARM.attributes)
 .ARM.attributes
                0x00000000       0x1e C:/ST/STM32CubeIDE_2.0.0/STM32CubeIDE/plugins/com.st.stm32cube.ide.mcu.externaltools.gnu-tools-for-stm32.13.3.rel1.win32_1.0.100.202509120712/tools/bin/../lib/gcc/arm-none-eabi/13.3.1/thumb/v6-m/nofp/crti.o
 .ARM.attributes
                0x0000001e       0x2c C:/ST/STM32CubeIDE_2.0.0/STM32CubeIDE/plugins/com.st.stm32cube.ide.mcu.externaltools.gnu-tools-for-stm32.13.3.rel1.win32_1.0.100.202509120712/tools/bin/../lib/gcc/arm-none-eabi/13.3.1/thumb/v6-m/nofp/crtbegin.o
 .ARM.attributes
                0x0000004a       0x2c ./Core/Src/main.o
 .ARM.attributes
                0x00000076       0x2c ./Core/Src/stm32c0xx_hal_msp.o
 .ARM.attributes
                0x000000a2       0x2c ./Core/Src/stm32c0xx_it.o
 .ARM.attributes
                0x000000ce       0x2c ./Core/Src/sysmem.o
 .ARM.attributes
                0x000000fa       0x2c ./Core/Src/system_stm32c0xx.o
 .ARM.attributes
                0x00000126       0x22 ./Core/Startup/startup_stm32c071rbtx.o
 .ARM.attributes
                0x00000148       0x2c ./Drivers/STM32C0xx_HAL_Driver/Src/stm32c0xx_hal.o
 .ARM.attributes
                0x00000174       0x2c ./Drivers/STM32C0xx_HAL_Driver/Src/stm32c0xx_hal_adc.o
 .ARM.attributes
                0x000001a0       0x2c ./Drivers/STM32C0xx_HAL_Driver/Src/stm32c0xx_hal_cortex.o
 .ARM.attributes
                0x000001cc       0x2c ./Drivers/STM32C0xx_HAL_Driver/Src/stm32c0xx_hal_gpio.o
 .ARM.attributes
                0x000001f8       0x2c ./Drivers/STM32C0xx_HAL_Driver/Src/stm32c0xx_hal_rcc.o
 .ARM.attributes
                0x00000224       0x2c ./Drivers/STM32C0xx_HAL_Driver/Src/stm32c0xx_hal_rcc_ex.o
 .ARM.attributes
                0x00000250       0x2c ./Drivers/STM32C0xx_HAL_Driver/Src/stm32c0xx_hal_uart.o
 .ARM.attributes
                0x0000027c       0x2c C:/ST/STM32CubeIDE_2.0.0/STM32CubeIDE/plugins/com.st.stm32cube.ide.mcu.externaltools.gnu-tools-for-stm32.13.3.rel1.win32_1.0.100.202509120712/tools/bin/../lib/gcc/arm-none-eabi/13.3.1/../../../../arm-none-eabi/lib/thumb/v6-m/nofp\libc_nano.a(libc_a-findfp.o)
 .ARM.attributes
                0x000002a8       0x2c C:/ST/STM32CubeIDE_2.0.0/STM32CubeIDE/plugins/com.st.stm32cube.ide.mcu.externaltools.gnu-tools-for-stm32.13.3.rel1.win32_1.0.100.202509120712/tools/bin/../lib/gcc/arm-none-eabi/13.3.1/../../../../arm-none-eabi/lib/thumb/v6-m/nofp\libc_nano.a(libc_a-snprintf.o)
 .ARM.attributes
                0x000002d4       0x2c C:/ST/STM32CubeIDE_2.0.0/STM32CubeIDE/plugins/com.st.stm32cube.ide.mcu.externaltools.gnu-tools-for-stm32.13.3.rel1.win32_1.0.100.202509120712/tools/bin/../lib/gcc/arm-none-eabi/13.3.1/../../../../arm-none-eabi/lib/thumb/v6-m/nofp\libc_nano.a(libc_a-memset.o)
 .ARM.attributes
                0x00000300       0x2c C:/ST/STM32CubeIDE_2.0.0/STM32CubeIDE/plugins/com.st.stm32cube.ide.mcu.externaltools.gnu-tools-for-stm32.13.3.rel1.win32_1.0.100.202509120712/tools/bin/../lib/gcc/arm-none-eabi/13.3.1/../../../../arm-none-eabi/lib/thumb/v6-m/nofp\libc_nano.a(libc_a-reent.o)
 .ARM.attributes
                0x0000032c       0x2c C:/ST/STM32CubeIDE_2.0.0/STM32CubeIDE/plugins/com.st.stm32cube.ide.mcu.externaltools.gnu-tools-for-stm32.13.3.rel1.win32_1.0.100.202509120712/tools/bin/../lib/gcc/arm-none-eabi/13.3.1/../../../../arm-none-eabi/lib/thumb/v6-m/nofp\libc_nano.a(libc_a-impure.o)
 .ARM.attributes
                0x00000358       0x2c C:/ST/STM32CubeIDE_2.0.0/STM32CubeIDE/plugins/com.st.stm32cube.ide.mcu.externaltools.gnu-tools-for-stm32.13.3.rel1.win32_1.0.100.202509120712/tools/bin/../lib/gcc/arm-none-eabi/13.3.1/../../../../arm-none-eabi/lib/thumb/v6-m/nofp\libc_nano.a(libc_a-errno.o)
 .ARM.attributes
                0x00000384       0x2c C:/ST/STM32CubeIDE_2.0.0/STM32CubeIDE/plugins/com.st.stm32cube.ide.mcu.externaltools.gnu-tools-for-stm32.13.3.rel1.win32_1.0.100.202509120712/tools/bin/../lib/gcc/arm-none-eabi/13.3.1/../../../../arm-none-eabi/lib/thumb/v6-m/nofp\libc_nano.a(libc_a-init.o)
 .ARM.attributes
                0x000003b0       0x2c C:/ST/STM32CubeIDE_2.0.0/STM32CubeIDE/plugins/com.st.stm32cube.ide.mcu.externaltools.gnu-tools-for-stm32.13.3.rel1.win32_1.0.100.202509120712/tools/bin/../lib/gcc/arm-none-eabi/13.3.1/../../../../arm-none-eabi/lib/thumb/v6-m/nofp\libc_nano.a(libc_a-lock.o)
 .ARM.attributes
                0x000003dc       0x1c C:/ST/STM32CubeIDE_2.0.0/STM32CubeIDE/plugins/com.st.stm32cube.ide.mcu.externaltools.gnu-tools-for-stm32.13.3.rel1.win32_1.0.100.202509120712/tools/bin/../lib/gcc/arm-none-eabi/13.3.1/../../../../arm-none-eabi/lib/thumb/v6-m/nofp\libc_nano.a(libc_a-strlen.o)
 .ARM.attributes
                0x000003f8       0x2c C:/ST/STM32CubeIDE_2.0.0/STM32CubeIDE/plugins/com.st.stm32cube.ide.mcu.externaltools.gnu-tools-for-stm32.13.3.rel1.win32_1.0.100.202509120712/tools/bin/../lib/gcc/arm-none-eabi/13.3.1/../../../../arm-none-eabi/lib/thumb/v6-m/nofp\libc_nano.a(libc_a-freer.o)
 .ARM.attributes
                0x00000424       0x2c C:/ST/STM32CubeIDE_2.0.0/STM32CubeIDE/plugins/com.st.stm32cube.ide.mcu.externaltools.gnu-tools-for-stm32.13.3.rel1.win32_1.0.100.202509120712/tools/bin/../lib/gcc/arm-none-eabi/13.3.1/../../../../arm-none-eabi/lib/thumb/v6-m/nofp\libc_nano.a(libc_a-mallocr.o)
 .ARM.attributes
                0x00000450       0x2c C:/ST/STM32CubeIDE_2.0.0/STM32CubeIDE/plugins/com.st.stm32cube.ide.mcu.externaltools.gnu-tools-for-stm32.13.3.rel1.win32_1.0.100.202509120712/tools/bin/../lib/gcc/arm-none-eabi/13.3.1/../../../../arm-none-eabi/lib/thumb/v6-m/nofp\libc_nano.a(libc_a-mlock.o)
 .ARM.attributes
                0x0000047c       0x2c C:/ST/STM32CubeIDE_2.0.0/STM32CubeIDE/plugins/com.st.stm32cube.ide.mcu.externaltools.gnu-tools-for-stm32.13.3.rel1.win32_1.0.100.202509120712/tools/bin/../lib/gcc/arm-none-eabi/13.3.1/../../../../arm-none-eabi/lib/thumb/v6-m/nofp\libc_nano.a(libc_a-nano-svfprintf.o)
 .ARM.attributes
                0x000004a8       0x2c C:/ST/STM32CubeIDE_2.0.0/STM32CubeIDE/plugins/com.st.stm32cube.ide.mcu.externaltools.gnu-tools-for-stm32.13.3.rel1.win32_1.0.100.202509120712/tools/bin/../lib/gcc/arm-none-eabi/13.3.1/../../../../arm-none-eabi/lib/thumb/v6-m/nofp\libc_nano.a(libc_a-nano-vfprintf_i.o)
 .ARM.attributes
                0x000004d4       0x2c C:/ST/STM32CubeIDE_2.0.0/STM32CubeIDE/plugins/com.st.stm32cube.ide.mcu.externaltools.gnu-tools-for-stm32.13.3.rel1.win32_1.0.100.202509120712/tools/bin/../lib/gcc/arm-none-eabi/13.3.1/../../../../arm-none-eabi/lib/thumb/v6-m/nofp\libc_nano.a(libc_a-memmove.o)
 .ARM.attributes
                0x00000500       0x2c C:/ST/STM32CubeIDE_2.0.0/STM32CubeIDE/plugins/com.st.stm32cube.ide.mcu.externaltools.gnu-tools-for-stm32.13.3.rel1.win32_1.0.100.202509120712/tools/bin/../lib/gcc/arm-none-eabi/13.3.1/../../../../arm-none-eabi/lib/thumb/v6-m/nofp\libc_nano.a(libc_a-sbrkr.o)
 .ARM.attributes
                0x0000052c       0x2c C:/ST/STM32CubeIDE_2.0.0/STM32CubeIDE/plugins/com.st.stm32cube.ide.mcu.externaltools.gnu-tools-for-stm32.13.3.rel1.win32_1.0.100.202509120712/tools/bin/../lib/gcc/arm-none-eabi/13.3.1/../../../../arm-none-eabi/lib/thumb/v6-m/nofp\libc_nano.a(libc_a-memchr-stub.o)
 .ARM.attributes
                0x00000558       0x2c C:/ST/STM32CubeIDE_2.0.0/STM32CubeIDE/plugins/com.st.stm32cube.ide.mcu.externaltools.gnu-tools-for-stm32.13.3.rel1.win32_1.0.100.202509120712/tools/bin/../lib/gcc/arm-none-eabi/13.3.1/../../../../arm-none-eabi/lib/thumb/v6-m/nofp\libc_nano.a(libc_a-memcpy-stub.o)
 .ARM.attributes
                0x00000584       0x2c C:/ST/STM32CubeIDE_2.0.0/STM32CubeIDE/plugins/com.st.stm32cube.ide.mcu.externaltools.gnu-tools-for-stm32.13.3.rel1.win32_1.0.100.202509120712/tools/bin/../lib/gcc/arm-none-eabi/13.3.1/../../../../arm-none-eabi/lib/thumb/v6-m/nofp\libc_nano.a(libc_a-reallocr.o)
 .ARM.attributes
                0x000005b0       0x2c C:/ST/STM32CubeIDE_2.0.0/STM32CubeIDE/plugins/com.st.stm32cube.ide.mcu.externaltools.gnu-tools-for-stm32.13.3.rel1.win32_1.0.100.202509120712/tools/bin/../lib/gcc/arm-none-eabi/13.3.1/../../../../arm-none-eabi/lib/thumb/v6-m/nofp\libc_nano.a(libc_a-msizer.o)
 .ARM.attributes
                0x000005dc       0x1e C:/ST/STM32CubeIDE_2.0.0/STM32CubeIDE/plugins/com.st.stm32cube.ide.mcu.externaltools.gnu-tools-for-stm32.13.3.rel1.win32_1.0.100.202509120712/tools/bin/../lib/gcc/arm-none-eabi/13.3.1/thumb/v6-m/nofp\libgcc.a(_thumb1_case_shi.o)
 .ARM.attributes
                0x000005fa       0x1e C:/ST/STM32CubeIDE_2.0.0/STM32CubeIDE/plugins/com.st.stm32cube.ide.mcu.externaltools.gnu-tools-for-stm32.13.3.rel1.win32_1.0.100.202509120712/tools/bin/../lib/gcc/arm-none-eabi/13.3.1/thumb/v6-m/nofp\libgcc.a(_udivsi3.o)
 .ARM.attributes
                0x00000618       0x1e C:/ST/STM32CubeIDE_2.0.0/STM32CubeIDE/plugins/com.st.stm32cube.ide.mcu.externaltools.gnu-tools-for-stm32.13.3.rel1.win32_1.0.100.202509120712/tools/bin/../lib/gcc/arm-none-eabi/13.3.1/thumb/v6-m/nofp\libgcc.a(_divsi3.o)
 .ARM.attributes
                0x00000636       0x1e C:/ST/STM32CubeIDE_2.0.0/STM32CubeIDE/plugins/com.st.stm32cube.ide.mcu.externaltools.gnu-tools-for-stm32.13.3.rel1.win32_1.0.100.202509120712/tools/bin/../lib/gcc/arm-none-eabi/13.3.1/thumb/v6-m/nofp\libgcc.a(_dvmd_tls.o)
 .ARM.attributes
                0x00000654       0x1e C:/ST/STM32CubeIDE_2.0.0/STM32CubeIDE/plugins/com.st.stm32cube.ide.mcu.externaltools.gnu-tools-for-stm32.13.3.rel1.win32_1.0.100.202509120712/tools/bin/../lib/gcc/arm-none-eabi/13.3.1/thumb/v6-m/nofp/crtn.o
OUTPUT(CubeMX.elf elf32-littlearm)
LOAD linker stubs
LOAD C:/ST/STM32CubeIDE_2.0.0/STM32CubeIDE/plugins/com.st.stm32cube.ide.mcu.externaltools.gnu-tools-for-stm32.13.3.rel1.win32_1.0.100.202509120712/tools/bin/../lib/gcc/arm-none-eabi/13.3.1/../../../../arm-none-eabi/lib/thumb/v6-m/nofp\libc.a
LOAD C:/ST/STM32CubeIDE_2.0.0/STM32CubeIDE/plugins/com.st.stm32cube.ide.mcu.externaltools.gnu-tools-for-stm32.13.3.rel1.win32_1.0.100.202509120712/tools/bin/../lib/gcc/arm-none-eabi/13.3.1/../../../../arm-none-eabi/lib/thumb/v6-m/nofp\libm.a
LOAD C:/ST/STM32CubeIDE_2.0.0/STM32CubeIDE/plugins/com.st.stm32cube.ide.mcu.externaltools.gnu-tools-for-stm32.13.3.rel1.win32_1.0.100.202509120712/tools/bin/../lib/gcc/arm-none-eabi/13.3.1/thumb/v6-m/nofp\libgcc.a

.debug_info     0x00000000     0xaeaa
 .debug_info    0x00000000     0x13ed ./Core/Src/main.o
 .debug_info    0x000013ed      0xf49 ./Core/Src/stm32c0xx_hal_msp.o
 .debug_info    0x00002336       0xd3 ./Core/Src/stm32c0xx_it.o
 .debug_info    0x00002409      0x168 ./Core/Src/sysmem.o
 .debug_info    0x00002571      0x381 ./Core/Src/system_stm32c0xx.o
 .debug_info    0x000028f2       0x30 ./Core/Startup/startup_stm32c071rbtx.o
 .debug_info    0x00002922      0x85e ./Drivers/STM32C0xx_HAL_Driver/Src/stm32c0xx_hal.o
 .debug_info    0x00003180     0x1565 ./Drivers/STM32C0xx_HAL_Driver/Src/stm32c0xx_hal_adc.o
 .debug_info    0x000046e5      0x899 ./Drivers/STM32C0xx_HAL_Driver/Src/stm32c0xx_hal_cortex.o
 .debug_info    0x00004f7e      0x612 ./Drivers/STM32C0xx_HAL_Driver/Src/stm32c0xx_hal_gpio.o
 .debug_info    0x00005590      0x923 ./Drivers/STM32C0xx_HAL_Driver/Src/stm32c0xx_hal_rcc.o
 .debug_info    0x00005eb3      0x7c1 ./Drivers/STM32C0xx_HAL_Driver/Src/stm32c0xx_hal_rcc_ex.o
 .debug_info    0x00006674     0x4836 ./Drivers/STM32C0xx_HAL_Driver/Src/stm32c0xx_hal_uart.o

.debug_abbrev   0x00000000     0x18ae
 .debug_abbrev  0x00000000      0x2dd ./Core/Src/main.o
 .debug_abbrev  0x000002dd      0x1d2 ./Core/Src/stm32c0xx_hal_msp.o
 .debug_abbrev  0x000004af       0x73 ./Core/Src/stm32c0xx_it.o
 .debug_abbrev  0x00000522       0xbc ./Core/Src/sysmem.o
 .debug_abbrev  0x000005de      0x119 ./Core/Src/system_stm32c0xx.o
 .debug_abbrev  0x000006f7       0x24 ./Core/Startup/startup_stm32c071rbtx.o
 .debug_abbrev  0x0000071b      0x2cb ./Drivers/STM32C0xx_HAL_Driver/Src/stm32c0xx_hal.o
 .debug_abbrev  0x000009e6      0x256 ./Drivers/STM32C0xx_HAL_Driver/Src/stm32c0xx_hal_adc.o
 .debug_abbrev  0x00000c3c      0x2b7 ./Drivers/STM32C0xx_HAL_Driver/Src/stm32c0xx_hal_cortex.o
 .debug_abbrev  0x00000ef3      0x1d6 ./Drivers/STM32C0xx_HAL_Driver/Src/stm32c0xx_hal_gpio.o
 .debug_abbrev  0x000010c9      0x28c ./Drivers/STM32C0xx_HAL_Driver/Src/stm32c0xx_hal_rcc.o
 .debug_abbrev  0x00001355      0x245 ./Drivers/STM32C0xx_HAL_Driver/Src/stm32c0xx_hal_rcc_ex.o
 .debug_abbrev  0x0000159a      0x314 ./Drivers/STM32C0xx_HAL_Driver/Src/stm32c0xx_hal_uart.o

.debug_aranges  0x00000000      0x900
 .debug_aranges
                0x00000000       0x50 ./Core/Src/main.o
 .debug_aranges
                0x00000050       0x40 ./Core/Src/stm32c0xx_hal_msp.o
 .debug_aranges
                0x00000090       0x40 ./Core/Src/stm32c0xx_it.o
 .debug_aranges
                0x000000d0       0x20 ./Core/Src/sysmem.o
 .debug_aranges
                0x000000f0       0x28 ./Core/Src/system_stm32c0xx.o
 .debug_aranges
                0x00000118       0x28 ./Core/Startup/startup_stm32c071rbtx.o
 .debug_aranges
                0x00000140      0x100 ./Drivers/STM32C0xx_HAL_Driver/Src/stm32c0xx_hal.o
 .debug_aranges
                0x00000240      0x200 ./Drivers/STM32C0xx_HAL_Driver/Src/stm32c0xx_hal_adc.o
 .debug_aranges
                0x00000440       0xe8 ./Drivers/STM32C0xx_HAL_Driver/Src/stm32c0xx_hal_cortex.o
 .debug_aranges
                0x00000528       0x68 ./Drivers/STM32C0xx_HAL_Driver/Src/stm32c0xx_hal_gpio.o
 .debug_aranges
                0x00000590       0xa0 ./Drivers/STM32C0xx_HAL_Driver/Src/stm32c0xx_hal_rcc.o
 .debug_aranges
                0x00000630       0x88 ./Drivers/STM32C0xx_HAL_Driver/Src/stm32c0xx_hal_rcc_ex.o
 .debug_aranges
                0x000006b8      0x248 ./Drivers/STM32C0xx_HAL_Driver/Src/stm32c0xx_hal_uart.o

.debug_rnglists
                0x00000000      0x6ef
 .debug_rnglists
                0x00000000       0x3b ./Core/Src/main.o
 .debug_rnglists
                0x0000003b       0x2d ./Core/Src/stm32c0xx_hal_msp.o
 .debug_rnglists
                0x00000068       0x2b ./Core/Src/stm32c0xx_it.o
 .debug_rnglists
                0x00000093       0x13 ./Core/Src/sysmem.o
 .debug_rnglists
                0x000000a6       0x1a ./Core/Src/system_stm32c0xx.o
 .debug_rnglists
                0x000000c0       0x19 ./Core/Startup/startup_stm32c071rbtx.o
 .debug_rnglists
                0x000000d9       0xbc ./Drivers/STM32C0xx_HAL_Driver/Src/stm32c0xx_hal.o
 .debug_rnglists
                0x00000195      0x18a ./Drivers/STM32C0xx_HAL_Driver/Src/stm32c0xx_hal_adc.o
 .debug_rnglists
                0x0000031f       0xaa ./Drivers/STM32C0xx_HAL_Driver/Src/stm32c0xx_hal_cortex.o
 .debug_rnglists
                0x000003c9       0x4b ./Drivers/STM32C0xx_HAL_Driver/Src/stm32c0xx_hal_gpio.o
 .debug_rnglists
                0x00000414       0x79 ./Drivers/STM32C0xx_HAL_Driver/Src/stm32c0xx_hal_rcc.o
 .debug_rnglists
                0x0000048d       0x67 ./Drivers/STM32C0xx_HAL_Driver/Src/stm32c0xx_hal_rcc_ex.o
 .debug_rnglists
                0x000004f4      0x1fb ./Drivers/STM32C0xx_HAL_Driver/Src/stm32c0xx_hal_uart.o

.debug_macro    0x00000000    0x15da7
 .debug_macro   0x00000000      0x33c ./Core/Src/main.o
 .debug_macro   0x0000033c      0xaae ./Core/Src/main.o
 .debug_macro   0x00000dea       0x2e ./Core/Src/main.o
 .debug_macro   0x00000e18       0x28 ./Core/Src/main.o
 .debug_macro   0x00000e40       0x22 ./Core/Src/main.o
 .debug_macro   0x00000e62       0x8e ./Core/Src/main.o
 .debug_macro   0x00000ef0       0x51 ./Core/Src/main.o
 .debug_macro   0x00000f41      0x103 ./Core/Src/main.o
 .debug_macro   0x00001044       0x6a ./Core/Src/main.o
 .debug_macro   0x000010ae      0x1df ./Core/Src/main.o
 .debug_macro   0x0000128d       0x1c ./Core/Src/main.o
 .debug_macro   0x000012a9       0x22 ./Core/Src/main.o
 .debug_macro   0x000012cb       0xd1 ./Core/Src/main.o
 .debug_macro   0x0000139c      0x4da ./Core/Src/main.o
 .debug_macro   0x00001876      0x11f ./Core/Src/main.o
 .debug_macro   0x00001995     0xa7e1 ./Core/Src/main.o
 .debug_macro   0x0000c176       0x6d ./Core/Src/main.o
 .debug_macro   0x0000c1e3      0x190 ./Core/Src/main.o
 .debug_macro   0x0000c373       0xe9 ./Core/Src/main.o
 .debug_macro   0x0000c45c     0x3440 ./Core/Src/main.o
 .debug_macro   0x0000f89c      0x190 ./Core/Src/main.o
 .debug_macro   0x0000fa2c       0x5b ./Core/Src/main.o
 .debug_macro   0x0000fa87      0x422 ./Core/Src/main.o
 .debug_macro   0x0000fea9      0xd59 ./Core/Src/main.o
 .debug_macro   0x00010c02      0x30c ./Core/Src/main.o
 .debug_macro   0x00010f0e      0x15f ./Core/Src/main.o
 .debug_macro   0x0001106d      0x208 ./Core/Src/main.o
 .debug_macro   0x00011275      0x2e2 ./Core/Src/main.o
 .debug_macro   0x00011557      0x18b ./Core/Src/main.o
 .debug_macro   0x000116e2       0x43 ./Core/Src/main.o
 .debug_macro   0x00011725      0x1f1 ./Core/Src/main.o
 .debug_macro   0x00011916      0x924 ./Core/Src/main.o
 .debug_macro   0x0001223a      0x5de ./Core/Src/main.o
 .debug_macro   0x00012818       0x2e ./Core/Src/main.o
 .debug_macro   0x00012846      0x1cf ./Core/Src/main.o
 .debug_macro   0x00012a15      0x37c ./Core/Src/main.o
 .debug_macro   0x00012d91       0x28 ./Core/Src/main.o
 .debug_macro   0x00012db9       0xb3 ./Core/Src/main.o
 .debug_macro   0x00012e6c      0x124 ./Core/Src/main.o
 .debug_macro   0x00012f90      0x1b0 ./Core/Src/main.o
 .debug_macro   0x00013140      0x67e ./Core/Src/main.o
 .debug_macro   0x000137be       0xa6 ./Core/Src/main.o
 .debug_macro   0x00013864      0x417 ./Core/Src/main.o
 .debug_macro   0x00013c7b       0x61 ./Core/Src/main.o
 .debug_macro   0x00013cdc       0x24 ./Core/Src/main.o
 .debug_macro   0x00013d00       0x43 ./Core/Src/main.o
 .debug_macro   0x00013d43       0x34 ./Core/Src/main.o
 .debug_macro   0x00013d77       0x16 ./Core/Src/main.o
 .debug_macro   0x00013d8d       0x3c ./Core/Src/main.o
 .debug_macro   0x00013dc9      0x370 ./Core/Src/main.o
 .debug_macro   0x00014139       0x10 ./Core/Src/main.o
 .debug_macro   0x00014149       0x16 ./Core/Src/main.o
 .debug_macro   0x0001415f       0x4a ./Core/Src/main.o
 .debug_macro   0x000141a9       0x34 ./Core/Src/main.o
 .debug_macro   0x000141dd       0x10 ./Core/Src/main.o
 .debug_macro   0x000141ed       0x58 ./Core/Src/main.o
 .debug_macro   0x00014245       0x8e ./Core/Src/main.o
 .debug_macro   0x000142d3       0x1c ./Core/Src/main.o
 .debug_macro   0x000142ef      0x185 ./Core/Src/main.o
 .debug_macro   0x00014474       0x16 ./Core/Src/main.o
 .debug_macro   0x0001448a       0x16 ./Core/Src/main.o
 .debug_macro   0x000144a0      0x146 ./Core/Src/main.o
 .debug_macro   0x000145e6       0x16 ./Core/Src/main.o
 .debug_macro   0x000145fc       0x20 ./Core/Src/main.o
 .debug_macro   0x0001461c       0x16 ./Core/Src/main.o
 .debug_macro   0x00014632       0x16 ./Core/Src/main.o
 .debug_macro   0x00014648       0x29 ./Core/Src/main.o
 .debug_macro   0x00014671      0x1ee ./Core/Src/stm32c0xx_hal_msp.o
 .debug_macro   0x0001485f      0x1f8 ./Core/Src/stm32c0xx_it.o
 .debug_macro   0x00014a57      0x112 ./Core/Src/sysmem.o
 .debug_macro   0x00014b69      0x23c ./Core/Src/sysmem.o
 .debug_macro   0x00014da5      0x1ea ./Core/Src/system_stm32c0xx.o
 .debug_macro   0x00014f8f      0x202 ./Drivers/STM32C0xx_HAL_Driver/Src/stm32c0xx_hal.o
 .debug_macro   0x00015191      0x208 ./Drivers/STM32C0xx_HAL_Driver/Src/stm32c0xx_hal_adc.o
 .debug_macro   0x00015399      0x1e4 ./Drivers/STM32C0xx_HAL_Driver/Src/stm32c0xx_hal_cortex.o
 .debug_macro   0x0001557d      0x219 ./Drivers/STM32C0xx_HAL_Driver/Src/stm32c0xx_hal_gpio.o
 .debug_macro   0x00015796      0x21a ./Drivers/STM32C0xx_HAL_Driver/Src/stm32c0xx_hal_rcc.o
 .debug_macro   0x000159b0      0x1f6 ./Drivers/STM32C0xx_HAL_Driver/Src/stm32c0xx_hal_rcc_ex.o
 .debug_macro   0x00015ba6      0x201 ./Drivers/STM32C0xx_HAL_Driver/Src/stm32c0xx_hal_uart.o

.debug_line     0x00000000     0xb784
 .debug_line    0x00000000      0xb91 ./Core/Src/main.o
 .debug_line    0x00000b91      0x839 ./Core/Src/stm32c0xx_hal_msp.o
 .debug_line    0x000013ca      0x7ea ./Core/Src/stm32c0xx_it.o
 .debug_line    0x00001bb4      0x58d ./Core/Src/sysmem.o
 .debug_line    0x00002141      0x7f1 ./Core/Src/system_stm32c0xx.o
 .debug_line    0x00002932       0x7d ./Core/Startup/startup_stm32c071rbtx.o
 .debug_line    0x000029af      0xac4 ./Drivers/STM32C0xx_HAL_Driver/Src/stm32c0xx_hal.o
 .debug_line    0x00003473     0x1a05 ./Drivers/STM32C0xx_HAL_Driver/Src/stm32c0xx_hal_adc.o
 .debug_line    0x00004e78      0xbdf ./Drivers/STM32C0xx_HAL_Driver/Src/stm32c0xx_hal_cortex.o
 .debug_line    0x00005a57      0xbdc ./Drivers/STM32C0xx_HAL_Driver/Src/stm32c0xx_hal_gpio.o
 .debug_line    0x00006633      0xe70 ./Drivers/STM32C0xx_HAL_Driver/Src/stm32c0xx_hal_rcc.o
 .debug_line    0x000074a3      0xc7f ./Drivers/STM32C0xx_HAL_Driver/Src/stm32c0xx_hal_rcc_ex.o
 .debug_line    0x00008122     0x3662 ./Drivers/STM32C0xx_HAL_Driver/Src/stm32c0xx_hal_uart.o

.debug_str      0x00000000    0x8acc5
 .debug_str     0x00000000    0x8acc5 ./Core/Src/main.o
                              0x8891c (size before relaxing)
 .debug_str     0x0008acc5        0x0 ./Core/Src/stm32c0xx_hal_msp.o
                              0x84dfd (size before relaxing)
 .debug_str     0x0008acc5        0x0 ./Core/Src/stm32c0xx_it.o
                              0x843f1 (size before relaxing)
 .debug_str     0x0008acc5        0x0 ./Core/Src/sysmem.o
                               0x7662 (size before relaxing)
 .debug_str     0x0008acc5        0x0 ./Core/Src/system_stm32c0xx.o
                              0x844ea (size before relaxing)
 .debug_str     0x0008acc5        0x0 ./Core/Startup/startup_stm32c071rbtx.o
                                 0x68 (size before relaxing)
 .debug_str     0x0008acc5        0x0 ./Drivers/STM32C0xx_HAL_Driver/Src/stm32c0xx_hal.o
                              0x84b37 (size before relaxing)
 .debug_str     0x0008acc5        0x0 ./Drivers/STM32C0xx_HAL_Driver/Src/stm32c0xx_hal_adc.o
                              0x852ad (size before relaxing)
 .debug_str     0x0008acc5        0x0 ./Drivers/STM32C0xx_HAL_Driver/Src/stm32c0xx_hal_cortex.o
                              0x8494d (size before relaxing)
 .debug_str     0x0008acc5        0x0 ./Drivers/STM32C0xx_HAL_Driver/Src/stm32c0xx_hal_gpio.o
                              0x84706 (size before relaxing)
 .debug_str     0x0008acc5        0x0 ./Drivers/STM32C0xx_HAL_Driver/Src/stm32c0xx_hal_rcc.o
                              0x84b0f (size before relaxing)
 .debug_str     0x0008acc5        0x0 ./Drivers/STM32C0xx_HAL_Driver/Src/stm32c0xx_hal_rcc_ex.o
                              0x84974 (size before relaxing)
 .debug_str     0x0008acc5        0x0 ./Drivers/STM32C0xx_HAL_Driver/Src/stm32c0xx_hal_uart.o
                              0x8543a (size before relaxing)

.comment        0x00000000       0x43
 .comment       0x00000000       0x43 ./Core/Src/main.o
                                 0x44 (size before relaxing)
 .comment       0x00000043        0x0 ./Core/Src/stm32c0xx_hal_msp.o
                                 0x44 (size before relaxing)
 .comment       0x00000043        0x0 ./Core/Src/stm32c0xx_it.o
                                 0x44 (size before relaxing)
 .comment       0x00000043        0x0 ./Core/Src/sysmem.o
                                 0x44 (size before relaxing)
 .comment       0x00000043        0x0 ./Core/Src/system_stm32c0xx.o
                                 0x44 (size before relaxing)
 .comment       0x00000043        0x0 ./Drivers/STM32C0xx_HAL_Driver/Src/stm32c0xx_hal.o
                                 0x44 (size before relaxing)
 .comment       0x00000043        0x0 ./Drivers/STM32C0xx_HAL_Driver/Src/stm32c0xx_hal_adc.o
                                 0x44 (size before relaxing)
 .comment       0x00000043        0x0 ./Drivers/STM32C0xx_HAL_Driver/Src/stm32c0xx_hal_cortex.o
                                 0x44 (size before relaxing)
 .comment       0x00000043        0x0 ./Drivers/STM32C0xx_HAL_Driver/Src/stm32c0xx_hal_gpio.o
                                 0x44 (size before relaxing)
 .comment       0x00000043        0x0 ./Drivers/STM32C0xx_HAL_Driver/Src/stm32c0xx_hal_rcc.o
                                 0x44 (size before relaxing)
 .comment       0x00000043        0x0 ./Drivers/STM32C0xx_HAL_Driver/Src/stm32c0xx_hal_rcc_ex.o
                                 0x44 (size before relaxing)
 .comment       0x00000043        0x0 ./Drivers/STM32C0xx_HAL_Driver/Src/stm32c0xx_hal_uart.o
                                 0x44 (size before relaxing)

.debug_frame    0x00000000     0x24a4
 .debug_frame   0x00000000       0xf0 ./Core/Src/main.o
 .debug_frame   0x000000f0       0xb0 ./Core/Src/stm32c0xx_hal_msp.o
 .debug_frame   0x000001a0       0x9c ./Core/Src/stm32c0xx_it.o
 .debug_frame   0x0000023c       0x30 ./Core/Src/sysmem.o
 .debug_frame   0x0000026c       0x4c ./Core/Src/system_stm32c0xx.o
 .debug_frame   0x000002b8      0x368 ./Drivers/STM32C0xx_HAL_Driver/Src/stm32c0xx_hal.o
 .debug_frame   0x00000620      0x7d0 ./Drivers/STM32C0xx_HAL_Driver/Src/stm32c0xx_hal_adc.o
 .debug_frame   0x00000df0      0x33c ./Drivers/STM32C0xx_HAL_Driver/Src/stm32c0xx_hal_cortex.o
 .debug_frame   0x0000112c      0x150 ./Drivers/STM32C0xx_HAL_Driver/Src/stm32c0xx_hal_gpio.o
 .debug_frame   0x0000127c      0x214 ./Drivers/STM32C0xx_HAL_Driver/Src/stm32c0xx_hal_rcc.o
 .debug_frame   0x00001490      0x1bc ./Drivers/STM32C0xx_HAL_Driver/Src/stm32c0xx_hal_rcc_ex.o
 .debug_frame   0x0000164c      0x8d4 ./Drivers/STM32C0xx_HAL_Driver/Src/stm32c0xx_hal_uart.o
 .debug_frame   0x00001f20      0x138 C:/ST/STM32CubeIDE_2.0.0/STM32CubeIDE/plugins/com.st.stm32cube.ide.mcu.externaltools.gnu-tools-for-stm32.13.3.rel1.win32_1.0.100.202509120712/tools/bin/../lib/gcc/arm-none-eabi/13.3.1/../../../../arm-none-eabi/lib/thumb/v6-m/nofp\libc_nano.a(libc_a-findfp.o)
 .debug_frame   0x00002058       0x50 C:/ST/STM32CubeIDE_2.0.0/STM32CubeIDE/plugins/com.st.stm32cube.ide.mcu.externaltools.gnu-tools-for-stm32.13.3.rel1.win32_1.0.100.202509120712/tools/bin/../lib/gcc/arm-none-eabi/13.3.1/../../../../arm-none-eabi/lib/thumb/v6-m/nofp\libc_nano.a(libc_a-snprintf.o)
 .debug_frame   0x000020a8       0x20 C:/ST/STM32CubeIDE_2.0.0/STM32CubeIDE/plugins/com.st.stm32cube.ide.mcu.externaltools.gnu-tools-for-stm32.13.3.rel1.win32_1.0.100.202509120712/tools/bin/../lib/gcc/arm-none-eabi/13.3.1/../../../../arm-none-eabi/lib/thumb/v6-m/nofp\libc_nano.a(libc_a-memset.o)
 .debug_frame   0x000020c8       0x2c C:/ST/STM32CubeIDE_2.0.0/STM32CubeIDE/plugins/com.st.stm32cube.ide.mcu.externaltools.gnu-tools-for-stm32.13.3.rel1.win32_1.0.100.202509120712/tools/bin/../lib/gcc/arm-none-eabi/13.3.1/../../../../arm-none-eabi/lib/thumb/v6-m/nofp\libc_nano.a(libc_a-reent.o)
 .debug_frame   0x000020f4       0x20 C:/ST/STM32CubeIDE_2.0.0/STM32CubeIDE/plugins/com.st.stm32cube.ide.mcu.externaltools.gnu-tools-for-stm32.13.3.rel1.win32_1.0.100.202509120712/tools/bin/../lib/gcc/arm-none-eabi/13.3.1/../../../../arm-none-eabi/lib/thumb/v6-m/nofp\libc_nano.a(libc_a-errno.o)
 .debug_frame   0x00002114       0x2c C:/ST/STM32CubeIDE_2.0.0/STM32CubeIDE/plugins/com.st.stm32cube.ide.mcu.externaltools.gnu-tools-for-stm32.13.3.rel1.win32_1.0.100.202509120712/tools/bin/../lib/gcc/arm-none-eabi/13.3.1/../../../../arm-none-eabi/lib/thumb/v6-m/nofp\libc_nano.a(libc_a-init.o)
 .debug_frame   0x00002140       0xb0 C:/ST/STM32CubeIDE_2.0.0/STM32CubeIDE/plugins/com.st.stm32cube.ide.mcu.externaltools.gnu-tools-for-stm32.13.3.rel1.win32_1.0.100.202509120712/tools/bin/../lib/gcc/arm-none-eabi/13.3.1/../../../../arm-none-eabi/lib/thumb/v6-m/nofp\libc_nano.a(libc_a-lock.o)
 .debug_frame   0x000021f0       0x2c C:/ST/STM32CubeIDE_2.0.0/STM32CubeIDE/plugins/com.st.stm32cube.ide.mcu.externaltools.gnu-tools-for-stm32.13.3.rel1.win32_1.0.100.202509120712/tools/bin/../lib/gcc/arm-none-eabi/13.3.1/../../../../arm-none-eabi/lib/thumb/v6-m/nofp\libc_nano.a(libc_a-freer.o)
 .debug_frame   0x0000221c       0x50 C:/ST/STM32CubeIDE_2.0.0/STM32CubeIDE/plugins/com.st.stm32cube.ide.mcu.externaltools.gnu-tools-for-stm32.13.3.rel1.win32_1.0.100.202509120712/tools/bin/../lib/gcc/arm-none-eabi/13.3.1/../../../../arm-none-eabi/lib/thumb/v6-m/nofp\libc_nano.a(libc_a-mallocr.o)
 .debug_frame   0x0000226c       0x40 C:/ST/STM32CubeIDE_2.0.0/STM32CubeIDE/plugins/com.st.stm32cube.ide.mcu.externaltools.gnu-tools-for-stm32.13.3.rel1.win32_1.0.100.202509120712/tools/bin/../lib/gcc/arm-none-eabi/13.3.1/../../../../arm-none-eabi/lib/thumb/v6-m/nofp\libc_nano.a(libc_a-mlock.o)
 .debug_frame   0x000022ac       0x74 C:/ST/STM32CubeIDE_2.0.0/STM32CubeIDE/plugins/com.st.stm32cube.ide.mcu.externaltools.gnu-tools-for-stm32.13.3.rel1.win32_1.0.100.202509120712/tools/bin/../lib/gcc/arm-none-eabi/13.3.1/../../../../arm-none-eabi/lib/thumb/v6-m/nofp\libc_nano.a(libc_a-nano-svfprintf.o)
 .debug_frame   0x00002320       0x54 C:/ST/STM32CubeIDE_2.0.0/STM32CubeIDE/plugins/com.st.stm32cube.ide.mcu.externaltools.gnu-tools-for-stm32.13.3.rel1.win32_1.0.100.202509120712/tools/bin/../lib/gcc/arm-none-eabi/13.3.1/../../../../arm-none-eabi/lib/thumb/v6-m/nofp\libc_nano.a(libc_a-nano-vfprintf_i.o)
 .debug_frame   0x00002374       0x28 C:/ST/STM32CubeIDE_2.0.0/STM32CubeIDE/plugins/com.st.stm32cube.ide.mcu.externaltools.gnu-tools-for-stm32.13.3.rel1.win32_1.0.100.202509120712/tools/bin/../lib/gcc/arm-none-eabi/13.3.1/../../../../arm-none-eabi/lib/thumb/v6-m/nofp\libc_nano.a(libc_a-memmove.o)
 .debug_frame   0x0000239c       0x2c C:/ST/STM32CubeIDE_2.0.0/STM32CubeIDE/plugins/com.st.stm32cube.ide.mcu.externaltools.gnu-tools-for-stm32.13.3.rel1.win32_1.0.100.202509120712/tools/bin/../lib/gcc/arm-none-eabi/13.3.1/../../../../arm-none-eabi/lib/thumb/v6-m/nofp\libc_nano.a(libc_a-sbrkr.o)
 .debug_frame   0x000023c8       0x20 C:/ST/STM32CubeIDE_2.0.0/STM32CubeIDE/plugins/com.st.stm32cube.ide.mcu.externaltools.gnu-tools-for-stm32.13.3.rel1.win32_1.0.100.202509120712/tools/bin/../lib/gcc/arm-none-eabi/13.3.1/../../../../arm-none-eabi/lib/thumb/v6-m/nofp\libc_nano.a(libc_a-memchr-stub.o)
 .debug_frame   0x000023e8       0x28 C:/ST/STM32CubeIDE_2.0.0/STM32CubeIDE/plugins/com.st.stm32cube.ide.mcu.externaltools.gnu-tools-for-stm32.13.3.rel1.win32_1.0.100.202509120712/tools/bin/../lib/gcc/arm-none-eabi/13.3.1/../../../../arm-none-eabi/lib/thumb/v6-m/nofp\libc_nano.a(libc_a-memcpy-stub.o)
 .debug_frame   0x00002410       0x34 C:/ST/STM32CubeIDE_2.0.0/STM32CubeIDE/plugins/com.st.stm32cube.ide.mcu.externaltools.gnu-tools-for-stm32.13.3.rel1.win32_1.0.100.202509120712/tools/bin/../lib/gcc/arm-none-eabi/13.3.1/../../../../arm-none-eabi/lib/thumb/v6-m/nofp\libc_nano.a(libc_a-reallocr.o)
 .debug_frame   0x00002444       0x20 C:/ST/STM32CubeIDE_2.0.0/STM32CubeIDE/plugins/com.st.stm32cube.ide.mcu.externaltools.gnu-tools-for-stm32.13.3.rel1.win32_1.0.100.202509120712/tools/bin/../lib/gcc/arm-none-eabi/13.3.1/../../../../arm-none-eabi/lib/thumb/v6-m/nofp\libc_nano.a(libc_a-msizer.o)
 .debug_frame   0x00002464       0x20 C:/ST/STM32CubeIDE_2.0.0/STM32CubeIDE/plugins/com.st.stm32cube.ide.mcu.externaltools.gnu-tools-for-stm32.13.3.rel1.win32_1.0.100.202509120712/tools/bin/../lib/gcc/arm-none-eabi/13.3.1/thumb/v6-m/nofp\libgcc.a(_udivsi3.o)
 .debug_frame   0x00002484       0x20 C:/ST/STM32CubeIDE_2.0.0/STM32CubeIDE/plugins/com.st.stm32cube.ide.mcu.externaltools.gnu-tools-for-stm32.13.3.rel1.win32_1.0.100.202509120712/tools/bin/../lib/gcc/arm-none-eabi/13.3.1/thumb/v6-m/nofp\libgcc.a(_divsi3.o)

.debug_line_str
                0x00000000       0x4c
 .debug_line_str
                0x00000000       0x4c ./Core/Startup/startup_stm32c071rbtx.o
